Archive member included to satisfy reference by file (symbol)

c:/st/stm32cubeide_1.4.0/stm32cubeide/plugins/com.st.stm32cube.ide.mcu.externaltools.gnu-tools-for-stm32.7-2018-q2-update.win32_1.4.0.202007081208/tools/bin/../lib/gcc/arm-none-eabi/7.3.1/../../../../arm-none-eabi/lib/thumb/v7e-m/fpv4-sp/hard\libc_nano.a(lib_a-errno.o)
                              Core/Src/syscalls.o (__errno)
c:/st/stm32cubeide_1.4.0/stm32cubeide/plugins/com.st.stm32cube.ide.mcu.externaltools.gnu-tools-for-stm32.7-2018-q2-update.win32_1.4.0.202007081208/tools/bin/../lib/gcc/arm-none-eabi/7.3.1/../../../../arm-none-eabi/lib/thumb/v7e-m/fpv4-sp/hard\libc_nano.a(lib_a-exit.o)
                              c:/st/stm32cubeide_1.4.0/stm32cubeide/plugins/com.st.stm32cube.ide.mcu.externaltools.gnu-tools-for-stm32.7-2018-q2-update.win32_1.4.0.202007081208/tools/bin/../lib/gcc/arm-none-eabi/7.3.1/../../../../arm-none-eabi/lib/thumb/v7e-m/fpv4-sp/hard/crt0.o (exit)
c:/st/stm32cubeide_1.4.0/stm32cubeide/plugins/com.st.stm32cube.ide.mcu.externaltools.gnu-tools-for-stm32.7-2018-q2-update.win32_1.4.0.202007081208/tools/bin/../lib/gcc/arm-none-eabi/7.3.1/../../../../arm-none-eabi/lib/thumb/v7e-m/fpv4-sp/hard\libc_nano.a(lib_a-impure.o)
                              c:/st/stm32cubeide_1.4.0/stm32cubeide/plugins/com.st.stm32cube.ide.mcu.externaltools.gnu-tools-for-stm32.7-2018-q2-update.win32_1.4.0.202007081208/tools/bin/../lib/gcc/arm-none-eabi/7.3.1/../../../../arm-none-eabi/lib/thumb/v7e-m/fpv4-sp/hard\libc_nano.a(lib_a-exit.o) (_global_impure_ptr)
c:/st/stm32cubeide_1.4.0/stm32cubeide/plugins/com.st.stm32cube.ide.mcu.externaltools.gnu-tools-for-stm32.7-2018-q2-update.win32_1.4.0.202007081208/tools/bin/../lib/gcc/arm-none-eabi/7.3.1/../../../../arm-none-eabi/lib/thumb/v7e-m/fpv4-sp/hard\libc_nano.a(lib_a-init.o)
                              c:/st/stm32cubeide_1.4.0/stm32cubeide/plugins/com.st.stm32cube.ide.mcu.externaltools.gnu-tools-for-stm32.7-2018-q2-update.win32_1.4.0.202007081208/tools/bin/../lib/gcc/arm-none-eabi/7.3.1/../../../../arm-none-eabi/lib/thumb/v7e-m/fpv4-sp/hard/crt0.o (__libc_init_array)
c:/st/stm32cubeide_1.4.0/stm32cubeide/plugins/com.st.stm32cube.ide.mcu.externaltools.gnu-tools-for-stm32.7-2018-q2-update.win32_1.4.0.202007081208/tools/bin/../lib/gcc/arm-none-eabi/7.3.1/../../../../arm-none-eabi/lib/thumb/v7e-m/fpv4-sp/hard\libc_nano.a(lib_a-memcpy-stub.o)
                              Core/Src/main.o (memcpy)
c:/st/stm32cubeide_1.4.0/stm32cubeide/plugins/com.st.stm32cube.ide.mcu.externaltools.gnu-tools-for-stm32.7-2018-q2-update.win32_1.4.0.202007081208/tools/bin/../lib/gcc/arm-none-eabi/7.3.1/../../../../arm-none-eabi/lib/thumb/v7e-m/fpv4-sp/hard\libc_nano.a(lib_a-memset.o)
                              c:/st/stm32cubeide_1.4.0/stm32cubeide/plugins/com.st.stm32cube.ide.mcu.externaltools.gnu-tools-for-stm32.7-2018-q2-update.win32_1.4.0.202007081208/tools/bin/../lib/gcc/arm-none-eabi/7.3.1/../../../../arm-none-eabi/lib/thumb/v7e-m/fpv4-sp/hard/crt0.o (memset)
c:/st/stm32cubeide_1.4.0/stm32cubeide/plugins/com.st.stm32cube.ide.mcu.externaltools.gnu-tools-for-stm32.7-2018-q2-update.win32_1.4.0.202007081208/tools/bin/../lib/gcc/arm-none-eabi/7.3.1/../../../../arm-none-eabi/lib/thumb/v7e-m/fpv4-sp/hard\libc_nano.a(lib_a-strlen.o)
                              Core/Src/omnicar_src/lcd_i2c.o (strlen)
c:/st/stm32cubeide_1.4.0/stm32cubeide/plugins/com.st.stm32cube.ide.mcu.externaltools.gnu-tools-for-stm32.7-2018-q2-update.win32_1.4.0.202007081208/tools/bin/../lib/gcc/arm-none-eabi/7.3.1/../../../../arm-none-eabi/lib/thumb/v7e-m/fpv4-sp/hard\libc_nano.a(lib_a-vsprintf.o)
                              Core/Src/omnicar_src/lcd_i2c.o (vsprintf)
c:/st/stm32cubeide_1.4.0/stm32cubeide/plugins/com.st.stm32cube.ide.mcu.externaltools.gnu-tools-for-stm32.7-2018-q2-update.win32_1.4.0.202007081208/tools/bin/../lib/gcc/arm-none-eabi/7.3.1/../../../../arm-none-eabi/lib/thumb/v7e-m/fpv4-sp/hard\libc_nano.a(lib_a-nano-svfprintf.o)
                              c:/st/stm32cubeide_1.4.0/stm32cubeide/plugins/com.st.stm32cube.ide.mcu.externaltools.gnu-tools-for-stm32.7-2018-q2-update.win32_1.4.0.202007081208/tools/bin/../lib/gcc/arm-none-eabi/7.3.1/../../../../arm-none-eabi/lib/thumb/v7e-m/fpv4-sp/hard\libc_nano.a(lib_a-vsprintf.o) (_svfprintf_r)
c:/st/stm32cubeide_1.4.0/stm32cubeide/plugins/com.st.stm32cube.ide.mcu.externaltools.gnu-tools-for-stm32.7-2018-q2-update.win32_1.4.0.202007081208/tools/bin/../lib/gcc/arm-none-eabi/7.3.1/../../../../arm-none-eabi/lib/thumb/v7e-m/fpv4-sp/hard\libc_nano.a(lib_a-nano-vfprintf_i.o)
                              c:/st/stm32cubeide_1.4.0/stm32cubeide/plugins/com.st.stm32cube.ide.mcu.externaltools.gnu-tools-for-stm32.7-2018-q2-update.win32_1.4.0.202007081208/tools/bin/../lib/gcc/arm-none-eabi/7.3.1/../../../../arm-none-eabi/lib/thumb/v7e-m/fpv4-sp/hard\libc_nano.a(lib_a-nano-svfprintf.o) (_printf_i)
[...]
Memory Configuration

Name             Origin             Length             Attributes
CCMRAM           0x0000000010000000 0x0000000000010000 xrw
RAM              0x0000000020000000 0x0000000000020000 xrw
FLASH            0x0000000008000000 0x0000000000100000 xr
*default*        0x0000000000000000 0xffffffffffffffff

Linker script and memory map

LOAD c:/st/stm32cubeide_1.4.0/stm32cubeide/plugins/com.st.stm32cube.ide.mcu.externaltools.gnu-tools-for-stm32.7-2018-q2-update.win32_1.4.0.202007081208/tools/bin/../lib/gcc/arm-none-eabi/7.3.1/thumb/v7e-m/fpv4-sp/hard/crti.o
LOAD c:/st/stm32cubeide_1.4.0/stm32cubeide/plugins/com.st.stm32cube.ide.mcu.externaltools.gnu-tools-for-stm32.7-2018-q2-update.win32_1.4.0.202007081208/tools/bin/../lib/gcc/arm-none-eabi/7.3.1/thumb/v7e-m/fpv4-sp/hard/crtbegin.o
LOAD c:/st/stm32cubeide_1.4.0/stm32cubeide/plugins/com.st.stm32cube.ide.mcu.externaltools.gnu-tools-for-stm32.7-2018-q2-update.win32_1.4.0.202007081208/tools/bin/../lib/gcc/arm-none-eabi/7.3.1/../../../../arm-none-eabi/lib/thumb/v7e-m/fpv4-sp/hard/crt0.o
LOAD Core/Src/main.o
LOAD Core/Src/stm32f4xx_hal_msp.o
LOAD Core/Src/stm32f4xx_it.o
LOAD Core/Src/syscalls.o
LOAD Core/Src/sysmem.o
LOAD Core/Src/system_stm32f4xx.o
LOAD Core/Src/omnicar_src/MY_NRF24.o
LOAD Core/Src/omnicar_src/ihm.o
LOAD Core/Src/omnicar_src/lcd_i2c.o
LOAD Core/Startup/startup_stm32f417vgtx.o
LOAD Drivers/STM32F4xx_HAL_Driver/Src/stm32f4xx_hal.o
LOAD Drivers/STM32F4xx_HAL_Driver/Src/stm32f4xx_hal_adc.o
LOAD Drivers/STM32F4xx_HAL_Driver/Src/stm32f4xx_hal_adc_ex.o
LOAD Drivers/STM32F4xx_HAL_Driver/Src/stm32f4xx_hal_cortex.o
LOAD Drivers/STM32F4xx_HAL_Driver/Src/stm32f4xx_hal_dma.o
LOAD Drivers/STM32F4xx_HAL_Driver/Src/stm32f4xx_hal_dma_ex.o
LOAD Drivers/STM32F4xx_HAL_Driver/Src/stm32f4xx_hal_exti.o
LOAD Drivers/STM32F4xx_HAL_Driver/Src/stm32f4xx_hal_flash.o
LOAD Drivers/STM32F4xx_HAL_Driver/Src/stm32f4xx_hal_flash_ex.o
LOAD Drivers/STM32F4xx_HAL_Driver/Src/stm32f4xx_hal_flash_ramfunc.o
LOAD Drivers/STM32F4xx_HAL_Driver/Src/stm32f4xx_hal_gpio.o
LOAD Drivers/STM32F4xx_HAL_Driver/Src/stm32f4xx_hal_i2c.o
LOAD Drivers/STM32F4xx_HAL_Driver/Src/stm32f4xx_hal_i2c_ex.o
LOAD Drivers/STM32F4xx_HAL_Driver/Src/stm32f4xx_hal_pwr.o
LOAD Drivers/STM32F4xx_HAL_Driver/Src/stm32f4xx_hal_pwr_ex.o
LOAD Drivers/STM32F4xx_HAL_Driver/Src/stm32f4xx_hal_rcc.o
LOAD Drivers/STM32F4xx_HAL_Driver/Src/stm32f4xx_hal_rcc_ex.o
LOAD Drivers/STM32F4xx_HAL_Driver/Src/stm32f4xx_hal_spi.o
LOAD Drivers/STM32F4xx_HAL_Driver/Src/stm32f4xx_hal_tim.o
LOAD Drivers/STM32F4xx_HAL_Driver/Src/stm32f4xx_hal_tim_ex.o
START GROUP
LOAD c:/st/stm32cubeide_1.4.0/stm32cubeide/plugins/com.st.stm32cube.ide.mcu.externaltools.gnu-tools-for-stm32.7-2018-q2-update.win32_1.4.0.202007081208/tools/bin/../lib/gcc/arm-none-eabi/7.3.1/../../../../arm-none-eabi/lib/thumb/v7e-m/fpv4-sp/hard\libc_nano.a
LOAD c:/st/stm32cubeide_1.4.0/stm32cubeide/plugins/com.st.stm32cube.ide.mcu.externaltools.gnu-tools-for-stm32.7-2018-q2-update.win32_1.4.0.202007081208/tools/bin/../lib/gcc/arm-none-eabi/7.3.1/../../../../arm-none-eabi/lib/thumb/v7e-m/fpv4-sp/hard\libm.a
END GROUP
START GROUP
LOAD c:/st/stm32cubeide_1.4.0/stm32cubeide/plugins/com.st.stm32cube.ide.mcu.externaltools.gnu-tools-for-stm32.7-2018-q2-update.win32_1.4.0.202007081208/tools/bin/../lib/gcc/arm-none-eabi/7.3.1/thumb/v7e-m/fpv4-sp/hard\libgcc.a
LOAD c:/st/stm32cubeide_1.4.0/stm32cubeide/plugins/com.st.stm32cube.ide.mcu.externaltools.gnu-tools-for-stm32.7-2018-q2-update.win32_1.4.0.202007081208/tools/bin/../lib/gcc/arm-none-eabi/7.3.1/../../../../arm-none-eabi/lib/thumb/v7e-m/fpv4-sp/hard\libc_nano.a
END GROUP
START GROUP
LOAD c:/st/stm32cubeide_1.4.0/stm32cubeide/plugins/com.st.stm32cube.ide.mcu.externaltools.gnu-tools-for-stm32.7-2018-q2-update.win32_1.4.0.202007081208/tools/bin/../lib/gcc/arm-none-eabi/7.3.1/thumb/v7e-m/fpv4-sp/hard\libgcc.a
LOAD c:/st/stm32cubeide_1.4.0/stm32cubeide/plugins/com.st.stm32cube.ide.mcu.externaltools.gnu-tools-for-stm32.7-2018-q2-update.win32_1.4.0.202007081208/tools/bin/../lib/gcc/arm-none-eabi/7.3.1/../../../../arm-none-eabi/lib/thumb/v7e-m/fpv4-sp/hard\libc_nano.a
LOAD c:/st/stm32cubeide_1.4.0/stm32cubeide/plugins/com.st.stm32cube.ide.mcu.externaltools.gnu-tools-for-stm32.7-2018-q2-update.win32_1.4.0.202007081208/tools/bin/../lib/gcc/arm-none-eabi/7.3.1/../../../../arm-none-eabi/lib/thumb/v7e-m/fpv4-sp/hard\libnosys.a
END GROUP
START GROUP
LOAD c:/st/stm32cubeide_1.4.0/stm32cubeide/plugins/com.st.stm32cube.ide.mcu.externaltools.gnu-tools-for-stm32.7-2018-q2-update.win32_1.4.0.202007081208/tools/bin/../lib/gcc/arm-none-eabi/7.3.1/thumb/v7e-m/fpv4-sp/hard\libgcc.a
LOAD c:/st/stm32cubeide_1.4.0/stm32cubeide/plugins/com.st.stm32cube.ide.mcu.externaltools.gnu-tools-for-stm32.7-2018-q2-update.win32_1.4.0.202007081208/tools/bin/../lib/gcc/arm-none-eabi/7.3.1/../../../../arm-none-eabi/lib/thumb/v7e-m/fpv4-sp/hard\libc_nano.a
LOAD c:/st/stm32cubeide_1.4.0/stm32cubeide/plugins/com.st.stm32cube.ide.mcu.externaltools.gnu-tools-for-stm32.7-2018-q2-update.win32_1.4.0.202007081208/tools/bin/../lib/gcc/arm-none-eabi/7.3.1/../../../../arm-none-eabi/lib/thumb/v7e-m/fpv4-sp/hard\libnosys.a
END GROUP
LOAD c:/st/stm32cubeide_1.4.0/stm32cubeide/plugins/com.st.stm32cube.ide.mcu.externaltools.gnu-tools-for-stm32.7-2018-q2-update.win32_1.4.0.202007081208/tools/bin/../lib/gcc/arm-none-eabi/7.3.1/thumb/v7e-m/fpv4-sp/hard/crtend.o
LOAD c:/st/stm32cubeide_1.4.0/stm32cubeide/plugins/com.st.stm32cube.ide.mcu.externaltools.gnu-tools-for-stm32.7-2018-q2-update.win32_1.4.0.202007081208/tools/bin/../lib/gcc/arm-none-eabi/7.3.1/thumb/v7e-m/fpv4-sp/hard/crtn.o
                0x0000000020020000                _estack = (ORIGIN (RAM) + LENGTH (RAM))
                0x0000000000000200                _Min_Heap_Size = 0x200
                0x0000000000000400                _Min_Stack_Size = 0x400

.isr_vector     0x0000000008000000      0x188
                0x0000000008000000                . = ALIGN (0x4)
 *(.isr_vector)
 .isr_vector    0x0000000008000000      0x188 Core/Startup/startup_stm32f417vgtx.o
                0x0000000008000000                g_pfnVectors
                0x0000000008000188                . = ALIGN (0x4)

.text           0x0000000008000190     0x54a8
                0x0000000008000190                . = ALIGN (0x4)
 *(.text)
 .text          0x0000000008000190       0x40 c:/st/stm32cubeide_1.4.0/stm32cubeide/plugins/com.st.stm32cube.ide.mcu.externaltools.gnu-tools-for-stm32.7-2018-q2-update.win32_1.4.0.202007081208/tools/bin/../lib/gcc/arm-none-eabi/7.3.1/thumb/v7e-m/fpv4-sp/hard/crtbegin.o
 .text          0x00000000080001d0       0x10 c:/st/stm32cubeide_1.4.0/stm32cubeide/plugins/com.st.stm32cube.ide.mcu.externaltools.gnu-tools-for-stm32.7-2018-q2-update.win32_1.4.0.202007081208/tools/bin/../lib/gcc/arm-none-eabi/7.3.1/../../../../arm-none-eabi/lib/thumb/v7e-m/fpv4-sp/hard\libc_nano.a(lib_a-strlen.o)
                0x00000000080001d0                strlen
 .text          0x00000000080001e0       0xa0 c:/st/stm32cubeide_1.4.0/stm32cubeide/plugins/com.st.stm32cube.ide.mcu.externaltools.gnu-tools-for-stm32.7-2018-q2-update.win32_1.4.0.202007081208/tools/bin/../lib/gcc/arm-none-eabi/7.3.1/../../../../arm-none-eabi/lib/thumb/v7e-m/fpv4-sp/hard\libc_nano.a(lib_a-memchr.o)
                0x00000000080001e0                memchr
 .text          0x0000000008000280       0x30 c:/st/stm32cubeide_1.4.0/stm32cubeide/plugins/com.st.stm32cube.ide.mcu.externaltools.gnu-tools-for-stm32.7-2018-q2-update.win32_1.4.0.202007081208/tools/bin/../lib/gcc/arm-none-eabi/7.3.1/thumb/v7e-m/fpv4-sp/hard\libgcc.a(_aeabi_uldivmod.o)
                0x0000000008000280                __aeabi_uldivmod
 .text          0x00000000080002b0      0x2cc c:/st/stm32cubeide_1.4.0/stm32cubeide/plugins/com.st.stm32cube.ide.mcu.externaltools.gnu-tools-for-stm32.7-2018-q2-update.win32_1.4.0.202007081208/tools/bin/../lib/gcc/arm-none-eabi/7.3.1/thumb/v7e-m/fpv4-sp/hard\libgcc.a(_udivmoddi4.o)
                0x00000000080002b0                __udivmoddi4
 .text          0x000000000800057c        0x4 c:/st/stm32cubeide_1.4.0/stm32cubeide/plugins/com.st.stm32cube.ide.mcu.externaltools.gnu-tools-for-stm32.7-2018-q2-update.win32_1.4.0.202007081208/tools/bin/../lib/gcc/arm-none-eabi/7.3.1/thumb/v7e-m/fpv4-sp/hard\libgcc.a(_dvmd_tls.o)
                0x000000000800057c                __aeabi_idiv0
                0x000000000800057c                __aeabi_ldiv0
 *(.text*)
 .text.main     0x0000000008000580      0x110 Core/Src/main.o
                0x0000000008000580                main
 .text.SystemClock_Config
                0x0000000008000690       0xd0 Core/Src/main.o
                0x0000000008000690                SystemClock_Config
 .text.MX_ADC1_Init
                0x0000000008000760       0xa4 Core/Src/main.o
 .text.MX_ADC2_Init
                0x0000000008000804       0xa4 Core/Src/main.o
 .text.MX_I2C3_Init
                0x00000000080008a8       0x5c Core/Src/main.o
 .text.MX_SPI3_Init
                0x0000000008000904       0x6c Core/Src/main.o
 .text.MX_GPIO_Init
                0x0000000008000970      0x13c Core/Src/main.o
 .text.Error_Handler
                0x0000000008000aac        0xe Core/Src/main.o
                0x0000000008000aac                Error_Handler
 *fill*         0x0000000008000aba        0x2 
 .text.HAL_MspInit
                0x0000000008000abc       0x50 Core/Src/stm32f4xx_hal_msp.o
                0x0000000008000abc                HAL_MspInit
 .text.HAL_ADC_MspInit
                0x0000000008000b0c      0x124 Core/Src/stm32f4xx_hal_msp.o
                0x0000000008000b0c                HAL_ADC_MspInit
 .text.HAL_I2C_MspInit
                0x0000000008000c30       0xd4 Core/Src/stm32f4xx_hal_msp.o
                0x0000000008000c30                HAL_I2C_MspInit
 .text.HAL_SPI_MspInit
                0x0000000008000d04       0x90 Core/Src/stm32f4xx_hal_msp.o
                0x0000000008000d04                HAL_SPI_MspInit
 .text.NMI_Handler
                0x0000000008000d94        0xe Core/Src/stm32f4xx_it.o
                0x0000000008000d94                NMI_Handler
 .text.HardFault_Handler
                0x0000000008000da2        0x6 Core/Src/stm32f4xx_it.o
                0x0000000008000da2                HardFault_Handler
 .text.MemManage_Handler
                0x0000000008000da8        0x6 Core/Src/stm32f4xx_it.o
                0x0000000008000da8                MemManage_Handler
 .text.BusFault_Handler
                0x0000000008000dae        0x6 Core/Src/stm32f4xx_it.o
                0x0000000008000dae                BusFault_Handler
 .text.UsageFault_Handler
                0x0000000008000db4        0x6 Core/Src/stm32f4xx_it.o
                0x0000000008000db4                UsageFault_Handler
 .text.SVC_Handler
                0x0000000008000dba        0xe Core/Src/stm32f4xx_it.o
                0x0000000008000dba                SVC_Handler
 .text.DebugMon_Handler
                0x0000000008000dc8        0xe Core/Src/stm32f4xx_it.o
                0x0000000008000dc8                DebugMon_Handler
 .text.PendSV_Handler
                0x0000000008000dd6        0xe Core/Src/stm32f4xx_it.o
                0x0000000008000dd6                PendSV_Handler
 .text.SysTick_Handler
                0x0000000008000de4        0xc Core/Src/stm32f4xx_it.o
                0x0000000008000de4                SysTick_Handler
 .text._sbrk    0x0000000008000df0       0x6c Core/Src/sysmem.o
                0x0000000008000df0                _sbrk
 .text.SystemInit
                0x0000000008000e5c       0x2c Core/Src/system_stm32f4xx.o
                0x0000000008000e5c                SystemInit
 .text.NRF24_DelayMicroSeconds
                0x0000000008000e88       0x40 Core/Src/omnicar_src/MY_NRF24.o
                0x0000000008000e88                NRF24_DelayMicroSeconds
 .text.NRF24_csn
                0x0000000008000ec8       0x40 Core/Src/omnicar_src/MY_NRF24.o
                0x0000000008000ec8                NRF24_csn
 .text.NRF24_ce
                0x0000000008000f08       0x40 Core/Src/omnicar_src/MY_NRF24.o
                0x0000000008000f08                NRF24_ce
 .text.NRF24_read_register
                0x0000000008000f48       0x50 Core/Src/omnicar_src/MY_NRF24.o
                0x0000000008000f48                NRF24_read_register
 .text.NRF24_read_registerN
                0x0000000008000f98       0x50 Core/Src/omnicar_src/MY_NRF24.o
                0x0000000008000f98                NRF24_read_registerN
 .text.NRF24_write_register
                0x0000000008000fe8       0x44 Core/Src/omnicar_src/MY_NRF24.o
                0x0000000008000fe8                NRF24_write_register
 .text.NRF24_write_registerN
                0x000000000800102c       0x50 Core/Src/omnicar_src/MY_NRF24.o
                0x000000000800102c                NRF24_write_registerN
 .text.NRF24_write_payload
                0x000000000800107c       0x44 Core/Src/omnicar_src/MY_NRF24.o
                0x000000000800107c                NRF24_write_payload
 .text.NRF24_read_payload
                0x00000000080010c0       0x60 Core/Src/omnicar_src/MY_NRF24.o
                0x00000000080010c0                NRF24_read_payload
 .text.NRF24_flush_tx
                0x0000000008001120       0x10 Core/Src/omnicar_src/MY_NRF24.o
                0x0000000008001120                NRF24_flush_tx
 .text.NRF24_flush_rx
                0x0000000008001130       0x10 Core/Src/omnicar_src/MY_NRF24.o
                0x0000000008001130                NRF24_flush_rx
 .text.NRF24_get_status
                0x0000000008001140       0x1a Core/Src/omnicar_src/MY_NRF24.o
                0x0000000008001140                NRF24_get_status
 *fill*         0x000000000800115a        0x2 
 .text.NRF24_begin
                0x000000000800115c      0x1bc Core/Src/omnicar_src/MY_NRF24.o
                0x000000000800115c                NRF24_begin
 .text.NRF24_stopListening
                0x0000000008001318       0x16 Core/Src/omnicar_src/MY_NRF24.o
                0x0000000008001318                NRF24_stopListening
 *fill*         0x000000000800132e        0x2 
 .text.NRF24_write
                0x0000000008001330       0x98 Core/Src/omnicar_src/MY_NRF24.o
                0x0000000008001330                NRF24_write
 .text.NRF24_available
                0x00000000080013c8       0x10 Core/Src/omnicar_src/MY_NRF24.o
                0x00000000080013c8                NRF24_available
 .text.NRF24_read
                0x00000000080013d8       0x40 Core/Src/omnicar_src/MY_NRF24.o
                0x00000000080013d8                NRF24_read
 .text.NRF24_openWritingPipe
                0x0000000008001418       0x48 Core/Src/omnicar_src/MY_NRF24.o
                0x0000000008001418                NRF24_openWritingPipe
 .text.NRF24_setRetries
                0x0000000008001460       0x36 Core/Src/omnicar_src/MY_NRF24.o
                0x0000000008001460                NRF24_setRetries
 .text.NRF24_setChannel
                0x0000000008001496       0x2a Core/Src/omnicar_src/MY_NRF24.o
                0x0000000008001496                NRF24_setChannel
 .text.NRF24_setPayloadSize
                0x00000000080014c0       0x30 Core/Src/omnicar_src/MY_NRF24.o
                0x00000000080014c0                NRF24_setPayloadSize
 .text.NRF24_getPayloadSize
                0x00000000080014f0       0x18 Core/Src/omnicar_src/MY_NRF24.o
                0x00000000080014f0                NRF24_getPayloadSize
 .text.NRF24_getDynamicPayloadSize
                0x0000000008001508       0x10 Core/Src/omnicar_src/MY_NRF24.o
                0x0000000008001508                NRF24_getDynamicPayloadSize
 .text.NRF24_enableAckPayload
                0x0000000008001518       0x5a Core/Src/omnicar_src/MY_NRF24.o
                0x0000000008001518                NRF24_enableAckPayload
 *fill*         0x0000000008001572        0x2 
 .text.NRF24_enableDynamicPayloads
                0x0000000008001574       0x64 Core/Src/omnicar_src/MY_NRF24.o
                0x0000000008001574                NRF24_enableDynamicPayloads
 .text.NRF24_disableDynamicPayloads
                0x00000000080015d8       0x30 Core/Src/omnicar_src/MY_NRF24.o
                0x00000000080015d8                NRF24_disableDynamicPayloads
 .text.NRF24_setAutoAck
                0x0000000008001608       0x2a Core/Src/omnicar_src/MY_NRF24.o
                0x0000000008001608                NRF24_setAutoAck
 .text.NRF24_setPALevel
                0x0000000008001632       0x72 Core/Src/omnicar_src/MY_NRF24.o
                0x0000000008001632                NRF24_setPALevel
 .text.NRF24_setDataRate
                0x00000000080016a4       0x8c Core/Src/omnicar_src/MY_NRF24.o
                0x00000000080016a4                NRF24_setDataRate
 .text.NRF24_setCRCLength
                0x0000000008001730       0x50 Core/Src/omnicar_src/MY_NRF24.o
                0x0000000008001730                NRF24_setCRCLength
 .text.NRF24_powerDown
                0x0000000008001780       0x1e Core/Src/omnicar_src/MY_NRF24.o
                0x0000000008001780                NRF24_powerDown
 .text.NRF24_availablePipe
                0x000000000800179e       0x60 Core/Src/omnicar_src/MY_NRF24.o
                0x000000000800179e                NRF24_availablePipe
 .text.NRF24_startWrite
                0x00000000080017fe       0x5e Core/Src/omnicar_src/MY_NRF24.o
                0x00000000080017fe                NRF24_startWrite
 .text.NRF24_whatHappened
                0x000000000800185c       0x66 Core/Src/omnicar_src/MY_NRF24.o
                0x000000000800185c                NRF24_whatHappened
 .text.NRF24_resetStatus
                0x00000000080018c2       0x10 Core/Src/omnicar_src/MY_NRF24.o
                0x00000000080018c2                NRF24_resetStatus
 *fill*         0x00000000080018d2        0x2 
 .text.NRF24_ACTIVATE_cmd
                0x00000000080018d4       0x34 Core/Src/omnicar_src/MY_NRF24.o
                0x00000000080018d4                NRF24_ACTIVATE_cmd
 .text.NRF24_transmitInit
                0x0000000008001908       0x48 Core/Src/omnicar_src/MY_NRF24.o
                0x0000000008001908                NRF24_transmitInit
 .text.NRF24_dataTransmission
                0x0000000008001950       0x36 Core/Src/omnicar_src/MY_NRF24.o
                0x0000000008001950                NRF24_dataTransmission
 *fill*         0x0000000008001986        0x2 
 .text.ihm_joystick
                0x0000000008001988      0x188 Core/Src/omnicar_src/ihm.o
                0x0000000008001988                ihm_joystick
 .text.ihm_PWR_button
                0x0000000008001b10       0xfc Core/Src/omnicar_src/ihm.o
                0x0000000008001b10                ihm_PWR_button
 .text.ihm_ROTA_button
                0x0000000008001c0c       0x74 Core/Src/omnicar_src/ihm.o
                0x0000000008001c0c                ihm_ROTA_button
 .text.ihm_buzzer_ON_OFF
                0x0000000008001c80       0x5c Core/Src/omnicar_src/ihm.o
                0x0000000008001c80                ihm_buzzer_ON_OFF
 .text.ihm_active_buzzer
                0x0000000008001cdc       0x7c Core/Src/omnicar_src/ihm.o
                0x0000000008001cdc                ihm_active_buzzer
 .text.ihm_getBatteryLevel
                0x0000000008001d58       0xac Core/Src/omnicar_src/ihm.o
                0x0000000008001d58                ihm_getBatteryLevel
 .text.lcd_i2c_sendCommand
                0x0000000008001e04       0x38 Core/Src/omnicar_src/lcd_i2c.o
                0x0000000008001e04                lcd_i2c_sendCommand
 .text.lcd_i2c_sendData
                0x0000000008001e3c       0x38 Core/Src/omnicar_src/lcd_i2c.o
                0x0000000008001e3c                lcd_i2c_sendData
 .text.lcd_i2c_init
                0x0000000008001e74       0x84 Core/Src/omnicar_src/lcd_i2c.o
                0x0000000008001e74                lcd_i2c_init
 .text.lcd_i2c_printf
                0x0000000008001ef8       0x60 Core/Src/omnicar_src/lcd_i2c.o
                0x0000000008001ef8                lcd_i2c_printf
 .text.lcd_i2c_sendCommand_Add
                0x0000000008001f58       0x40 Core/Src/omnicar_src/lcd_i2c.o
                0x0000000008001f58                lcd_i2c_sendCommand_Add
 .text.lcd_i2c_text_placement
                0x0000000008001f98       0x7c Core/Src/omnicar_src/lcd_i2c.o
                0x0000000008001f98                lcd_i2c_text_placement
 .text.lcd_i2c_power_state
                0x0000000008002014       0xb4 Core/Src/omnicar_src/lcd_i2c.o
                0x0000000008002014                lcd_i2c_power_state
 .text.lcd_i2c_bat0T1_state
                0x00000000080020c8       0x44 Core/Src/omnicar_src/lcd_i2c.o
                0x00000000080020c8                lcd_i2c_bat0T1_state
 .text.lcd_i2c_bat0T2_state
                0x000000000800210c       0x44 Core/Src/omnicar_src/lcd_i2c.o
                0x000000000800210c                lcd_i2c_bat0T2_state
 .text.Reset_Handler
                0x0000000008002150       0x50 Core/Startup/startup_stm32f417vgtx.o
                0x0000000008002150                Reset_Handler
 .text.Default_Handler
                0x00000000080021a0        0x2 Core/Startup/startup_stm32f417vgtx.o
                0x00000000080021a0                RTC_Alarm_IRQHandler
                0x00000000080021a0                HASH_RNG_IRQHandler
                0x00000000080021a0                EXTI2_IRQHandler
                0x00000000080021a0                TIM8_CC_IRQHandler
                0x00000000080021a0                TIM1_CC_IRQHandler
                0x00000000080021a0                DMA2_Stream5_IRQHandler
                0x00000000080021a0                DMA1_Stream5_IRQHandler
                0x00000000080021a0                PVD_IRQHandler
                0x00000000080021a0                SDIO_IRQHandler
                0x00000000080021a0                TAMP_STAMP_IRQHandler
                0x00000000080021a0                CAN2_RX1_IRQHandler
                0x00000000080021a0                EXTI3_IRQHandler
                0x00000000080021a0                TIM8_TRG_COM_TIM14_IRQHandler
                0x00000000080021a0                TIM1_UP_TIM10_IRQHandler
                0x00000000080021a0                TIM8_UP_TIM13_IRQHandler
                0x00000000080021a0                I2C3_ER_IRQHandler
                0x00000000080021a0                EXTI0_IRQHandler
                0x00000000080021a0                I2C2_EV_IRQHandler
                0x00000000080021a0                DMA1_Stream2_IRQHandler
                0x00000000080021a0                CAN1_RX0_IRQHandler
                0x00000000080021a0                FPU_IRQHandler
                0x00000000080021a0                OTG_HS_WKUP_IRQHandler
                0x00000000080021a0                CAN2_SCE_IRQHandler
                0x00000000080021a0                DMA2_Stream2_IRQHandler
                0x00000000080021a0                SPI1_IRQHandler
                0x00000000080021a0                TIM6_DAC_IRQHandler
                0x00000000080021a0                TIM1_BRK_TIM9_IRQHandler
                0x00000000080021a0                DCMI_IRQHandler
                0x00000000080021a0                CAN2_RX0_IRQHandler
                0x00000000080021a0                DMA2_Stream3_IRQHandler
                0x00000000080021a0                USART6_IRQHandler
                0x00000000080021a0                USART3_IRQHandler
                0x00000000080021a0                CRYP_IRQHandler
                0x00000000080021a0                CAN1_RX1_IRQHandler
                0x00000000080021a0                UART5_IRQHandler
                0x00000000080021a0                DMA2_Stream0_IRQHandler
                0x00000000080021a0                TIM4_IRQHandler
                0x00000000080021a0                I2C1_EV_IRQHandler
                0x00000000080021a0                DMA1_Stream6_IRQHandler
                0x00000000080021a0                DMA1_Stream1_IRQHandler
                0x00000000080021a0                UART4_IRQHandler
                0x00000000080021a0                TIM3_IRQHandler
                0x00000000080021a0                RCC_IRQHandler
                0x00000000080021a0                TIM8_BRK_TIM12_IRQHandler
                0x00000000080021a0                Default_Handler
                0x00000000080021a0                EXTI15_10_IRQHandler
                0x00000000080021a0                ADC_IRQHandler
                0x00000000080021a0                DMA1_Stream7_IRQHandler
                0x00000000080021a0                TIM7_IRQHandler
                0x00000000080021a0                CAN2_TX_IRQHandler
                0x00000000080021a0                TIM5_IRQHandler
                0x00000000080021a0                DMA2_Stream7_IRQHandler
                0x00000000080021a0                I2C3_EV_IRQHandler
                0x00000000080021a0                EXTI9_5_IRQHandler
                0x00000000080021a0                RTC_WKUP_IRQHandler
                0x00000000080021a0                ETH_WKUP_IRQHandler
                0x00000000080021a0                SPI2_IRQHandler
                0x00000000080021a0                OTG_HS_EP1_IN_IRQHandler
                0x00000000080021a0                DMA1_Stream0_IRQHandler
                0x00000000080021a0                CAN1_TX_IRQHandler
                0x00000000080021a0                EXTI4_IRQHandler
                0x00000000080021a0                FSMC_IRQHandler
                0x00000000080021a0                ETH_IRQHandler
                0x00000000080021a0                OTG_HS_EP1_OUT_IRQHandler
                0x00000000080021a0                WWDG_IRQHandler
                0x00000000080021a0                TIM2_IRQHandler
                0x00000000080021a0                OTG_FS_WKUP_IRQHandler
                0x00000000080021a0                TIM1_TRG_COM_TIM11_IRQHandler
                0x00000000080021a0                OTG_HS_IRQHandler
                0x00000000080021a0                EXTI1_IRQHandler
                0x00000000080021a0                USART2_IRQHandler
                0x00000000080021a0                I2C2_ER_IRQHandler
                0x00000000080021a0                DMA2_Stream1_IRQHandler
                0x00000000080021a0                CAN1_SCE_IRQHandler
                0x00000000080021a0                FLASH_IRQHandler
                0x00000000080021a0                DMA2_Stream4_IRQHandler
                0x00000000080021a0                USART1_IRQHandler
                0x00000000080021a0                OTG_FS_IRQHandler
                0x00000000080021a0                SPI3_IRQHandler
                0x00000000080021a0                DMA1_Stream4_IRQHandler
                0x00000000080021a0                I2C1_ER_IRQHandler
                0x00000000080021a0                DMA2_Stream6_IRQHandler
                0x00000000080021a0                DMA1_Stream3_IRQHandler
 *fill*         0x00000000080021a2        0x2 
 .text.HAL_Init
                0x00000000080021a4       0x44 Drivers/STM32F4xx_HAL_Driver/Src/stm32f4xx_hal.o
                0x00000000080021a4                HAL_Init
 .text.HAL_InitTick
                0x00000000080021e8       0x60 Drivers/STM32F4xx_HAL_Driver/Src/stm32f4xx_hal.o
                0x00000000080021e8                HAL_InitTick
 .text.HAL_IncTick
                0x0000000008002248       0x28 Drivers/STM32F4xx_HAL_Driver/Src/stm32f4xx_hal.o
                0x0000000008002248                HAL_IncTick
 .text.HAL_GetTick
                0x0000000008002270       0x18 Drivers/STM32F4xx_HAL_Driver/Src/stm32f4xx_hal.o
                0x0000000008002270                HAL_GetTick
 .text.HAL_Delay
                0x0000000008002288       0x44 Drivers/STM32F4xx_HAL_Driver/Src/stm32f4xx_hal.o
                0x0000000008002288                HAL_Delay
 .text.HAL_ADC_Init
                0x00000000080022cc       0x86 Drivers/STM32F4xx_HAL_Driver/Src/stm32f4xx_hal_adc.o
                0x00000000080022cc                HAL_ADC_Init
 *fill*         0x0000000008002352        0x2 
 .text.HAL_ADC_Start
                0x0000000008002354      0x18c Drivers/STM32F4xx_HAL_Driver/Src/stm32f4xx_hal_adc.o
                0x0000000008002354                HAL_ADC_Start
 .text.HAL_ADC_PollForConversion
                0x00000000080024e0      0x108 Drivers/STM32F4xx_HAL_Driver/Src/stm32f4xx_hal_adc.o
                0x00000000080024e0                HAL_ADC_PollForConversion
 .text.HAL_ADC_GetValue
                0x00000000080025e8       0x1a Drivers/STM32F4xx_HAL_Driver/Src/stm32f4xx_hal_adc.o
                0x00000000080025e8                HAL_ADC_GetValue
 *fill*         0x0000000008002602        0x2 
 .text.HAL_ADC_ConfigChannel
                0x0000000008002604      0x244 Drivers/STM32F4xx_HAL_Driver/Src/stm32f4xx_hal_adc.o
                0x0000000008002604                HAL_ADC_ConfigChannel
 .text.ADC_Init
                0x0000000008002848      0x1f8 Drivers/STM32F4xx_HAL_Driver/Src/stm32f4xx_hal_adc.o
 .text.__NVIC_SetPriorityGrouping
                0x0000000008002a40       0x48 Drivers/STM32F4xx_HAL_Driver/Src/stm32f4xx_hal_cortex.o
 .text.__NVIC_GetPriorityGrouping
                0x0000000008002a88       0x1c Drivers/STM32F4xx_HAL_Driver/Src/stm32f4xx_hal_cortex.o
 .text.__NVIC_SetPriority
                0x0000000008002aa4       0x54 Drivers/STM32F4xx_HAL_Driver/Src/stm32f4xx_hal_cortex.o
 .text.NVIC_EncodePriority
                0x0000000008002af8       0x66 Drivers/STM32F4xx_HAL_Driver/Src/stm32f4xx_hal_cortex.o
 *fill*         0x0000000008002b5e        0x2 
 .text.SysTick_Config
                0x0000000008002b60       0x44 Drivers/STM32F4xx_HAL_Driver/Src/stm32f4xx_hal_cortex.o
 .text.HAL_NVIC_SetPriorityGrouping
                0x0000000008002ba4       0x16 Drivers/STM32F4xx_HAL_Driver/Src/stm32f4xx_hal_cortex.o
                0x0000000008002ba4                HAL_NVIC_SetPriorityGrouping
 .text.HAL_NVIC_SetPriority
                0x0000000008002bba       0x38 Drivers/STM32F4xx_HAL_Driver/Src/stm32f4xx_hal_cortex.o
                0x0000000008002bba                HAL_NVIC_SetPriority
 .text.HAL_SYSTICK_Config
                0x0000000008002bf2       0x18 Drivers/STM32F4xx_HAL_Driver/Src/stm32f4xx_hal_cortex.o
                0x0000000008002bf2                HAL_SYSTICK_Config
 *fill*         0x0000000008002c0a        0x2 
 .text.HAL_GPIO_Init
                0x0000000008002c0c      0x334 Drivers/STM32F4xx_HAL_Driver/Src/stm32f4xx_hal_gpio.o
                0x0000000008002c0c                HAL_GPIO_Init
 .text.HAL_GPIO_ReadPin
                0x0000000008002f40       0x30 Drivers/STM32F4xx_HAL_Driver/Src/stm32f4xx_hal_gpio.o
                0x0000000008002f40                HAL_GPIO_ReadPin
 .text.HAL_GPIO_WritePin
                0x0000000008002f70       0x32 Drivers/STM32F4xx_HAL_Driver/Src/stm32f4xx_hal_gpio.o
                0x0000000008002f70                HAL_GPIO_WritePin
 .text.HAL_GPIO_TogglePin
                0x0000000008002fa2       0x36 Drivers/STM32F4xx_HAL_Driver/Src/stm32f4xx_hal_gpio.o
                0x0000000008002fa2                HAL_GPIO_TogglePin
 .text.HAL_I2C_Init
                0x0000000008002fd8      0x270 Drivers/STM32F4xx_HAL_Driver/Src/stm32f4xx_hal_i2c.o
                0x0000000008002fd8                HAL_I2C_Init
 .text.HAL_I2C_Master_Transmit
                0x0000000008003248      0x1fc Drivers/STM32F4xx_HAL_Driver/Src/stm32f4xx_hal_i2c.o
                0x0000000008003248                HAL_I2C_Master_Transmit
 .text.HAL_I2C_IsDeviceReady
                0x0000000008003444      0x25c Drivers/STM32F4xx_HAL_Driver/Src/stm32f4xx_hal_i2c.o
                0x0000000008003444                HAL_I2C_IsDeviceReady
 .text.I2C_MasterRequestWrite
                0x00000000080036a0      0x104 Drivers/STM32F4xx_HAL_Driver/Src/stm32f4xx_hal_i2c.o
 .text.I2C_WaitOnFlagUntilTimeout
                0x00000000080037a4       0xae Drivers/STM32F4xx_HAL_Driver/Src/stm32f4xx_hal_i2c.o
 .text.I2C_WaitOnMasterAddressFlagUntilTimeout
                0x0000000008003852       0xfe Drivers/STM32F4xx_HAL_Driver/Src/stm32f4xx_hal_i2c.o
 .text.I2C_WaitOnTXEFlagUntilTimeout
                0x0000000008003950       0x82 Drivers/STM32F4xx_HAL_Driver/Src/stm32f4xx_hal_i2c.o
 .text.I2C_WaitOnBTFFlagUntilTimeout
                0x00000000080039d2       0x82 Drivers/STM32F4xx_HAL_Driver/Src/stm32f4xx_hal_i2c.o
 .text.I2C_IsAcknowledgeFailed
                0x0000000008003a54       0x5e Drivers/STM32F4xx_HAL_Driver/Src/stm32f4xx_hal_i2c.o
 *fill*         0x0000000008003ab2        0x2 
 .text.HAL_RCC_OscConfig
                0x0000000008003ab4      0x4e0 Drivers/STM32F4xx_HAL_Driver/Src/stm32f4xx_hal_rcc.o
                0x0000000008003ab4                HAL_RCC_OscConfig
 .text.HAL_RCC_ClockConfig
                0x0000000008003f94      0x1cc Drivers/STM32F4xx_HAL_Driver/Src/stm32f4xx_hal_rcc.o
                0x0000000008003f94                HAL_RCC_ClockConfig
 .text.HAL_RCC_GetSysClockFreq
                0x0000000008004160      0x164 Drivers/STM32F4xx_HAL_Driver/Src/stm32f4xx_hal_rcc.o
                0x0000000008004160                HAL_RCC_GetSysClockFreq
 .text.HAL_RCC_GetHCLKFreq
                0x00000000080042c4       0x18 Drivers/STM32F4xx_HAL_Driver/Src/stm32f4xx_hal_rcc.o
                0x00000000080042c4                HAL_RCC_GetHCLKFreq
 .text.HAL_RCC_GetPCLK1Freq
                0x00000000080042dc       0x28 Drivers/STM32F4xx_HAL_Driver/Src/stm32f4xx_hal_rcc.o
                0x00000000080042dc                HAL_RCC_GetPCLK1Freq
 .text.HAL_SPI_Init
                0x0000000008004304       0xc8 Drivers/STM32F4xx_HAL_Driver/Src/stm32f4xx_hal_spi.o
                0x0000000008004304                HAL_SPI_Init
 .text.HAL_SPI_Transmit
                0x00000000080043cc      0x268 Drivers/STM32F4xx_HAL_Driver/Src/stm32f4xx_hal_spi.o
                0x00000000080043cc                HAL_SPI_Transmit
 .text.HAL_SPI_Receive
                0x0000000008004634      0x212 Drivers/STM32F4xx_HAL_Driver/Src/stm32f4xx_hal_spi.o
                0x0000000008004634                HAL_SPI_Receive
 .text.HAL_SPI_TransmitReceive
                0x0000000008004846      0x344 Drivers/STM32F4xx_HAL_Driver/Src/stm32f4xx_hal_spi.o
                0x0000000008004846                HAL_SPI_TransmitReceive
 .text.SPI_WaitFlagStateUntilTimeout
                0x0000000008004b8a       0xd4 Drivers/STM32F4xx_HAL_Driver/Src/stm32f4xx_hal_spi.o
 .text.SPI_EndRxTransaction
                0x0000000008004c5e       0xca Drivers/STM32F4xx_HAL_Driver/Src/stm32f4xx_hal_spi.o
 .text.SPI_EndRxTxTransaction
                0x0000000008004d28       0x84 Drivers/STM32F4xx_HAL_Driver/Src/stm32f4xx_hal_spi.o
 .text.__errno  0x0000000008004dac        0xc c:/st/stm32cubeide_1.4.0/stm32cubeide/plugins/com.st.stm32cube.ide.mcu.externaltools.gnu-tools-for-stm32.7-2018-q2-update.win32_1.4.0.202007081208/tools/bin/../lib/gcc/arm-none-eabi/7.3.1/../../../../arm-none-eabi/lib/thumb/v7e-m/fpv4-sp/hard\libc_nano.a(lib_a-errno.o)
                0x0000000008004dac                __errno
 .text.__libc_init_array
                0x0000000008004db8       0x48 c:/st/stm32cubeide_1.4.0/stm32cubeide/plugins/com.st.stm32cube.ide.mcu.externaltools.gnu-tools-for-stm32.7-2018-q2-update.win32_1.4.0.202007081208/tools/bin/../lib/gcc/arm-none-eabi/7.3.1/../../../../arm-none-eabi/lib/thumb/v7e-m/fpv4-sp/hard\libc_nano.a(lib_a-init.o)
                0x0000000008004db8                __libc_init_array
 .text.memcpy   0x0000000008004e00       0x16 c:/st/stm32cubeide_1.4.0/stm32cubeide/plugins/com.st.stm32cube.ide.mcu.externaltools.gnu-tools-for-stm32.7-2018-q2-update.win32_1.4.0.202007081208/tools/bin/../lib/gcc/arm-none-eabi/7.3.1/../../../../arm-none-eabi/lib/thumb/v7e-m/fpv4-sp/hard\libc_nano.a(lib_a-memcpy-stub.o)
                0x0000000008004e00                memcpy
 .text.memset   0x0000000008004e16       0x10 c:/st/stm32cubeide_1.4.0/stm32cubeide/plugins/com.st.stm32cube.ide.mcu.externaltools.gnu-tools-for-stm32.7-2018-q2-update.win32_1.4.0.202007081208/tools/bin/../lib/gcc/arm-none-eabi/7.3.1/../../../../arm-none-eabi/lib/thumb/v7e-m/fpv4-sp/hard\libc_nano.a(lib_a-memset.o)
                0x0000000008004e16                memset
 *fill*         0x0000000008004e26        0x2 
 .text._vsprintf_r
                0x0000000008004e28       0x2c c:/st/stm32cubeide_1.4.0/stm32cubeide/plugins/com.st.stm32cube.ide.mcu.externaltools.gnu-tools-for-stm32.7-2018-q2-update.win32_1.4.0.202007081208/tools/bin/../lib/gcc/arm-none-eabi/7.3.1/../../../../arm-none-eabi/lib/thumb/v7e-m/fpv4-sp/hard\libc_nano.a(lib_a-vsprintf.o)
                0x0000000008004e28                _vsprintf_r
                0x0000000008004e28                _vsiprintf_r
 .text.vsprintf
                0x0000000008004e54       0x14 c:/st/stm32cubeide_1.4.0/stm32cubeide/plugins/com.st.stm32cube.ide.mcu.externaltools.gnu-tools-for-stm32.7-2018-q2-update.win32_1.4.0.202007081208/tools/bin/../lib/gcc/arm-none-eabi/7.3.1/../../../../arm-none-eabi/lib/thumb/v7e-m/fpv4-sp/hard\libc_nano.a(lib_a-vsprintf.o)
                0x0000000008004e54                vsiprintf
                0x0000000008004e54                vsprintf
 .text.__ssputs_r
                0x0000000008004e68       0xb4 c:/st/stm32cubeide_1.4.0/stm32cubeide/plugins/com.st.stm32cube.ide.mcu.externaltools.gnu-tools-for-stm32.7-2018-q2-update.win32_1.4.0.202007081208/tools/bin/../lib/gcc/arm-none-eabi/7.3.1/../../../../arm-none-eabi/lib/thumb/v7e-m/fpv4-sp/hard\libc_nano.a(lib_a-nano-svfprintf.o)
                0x0000000008004e68                __ssputs_r
 .text._svfprintf_r
                0x0000000008004f1c      0x1f0 c:/st/stm32cubeide_1.4.0/stm32cubeide/plugins/com.st.stm32cube.ide.mcu.externaltools.gnu-tools-for-stm32.7-2018-q2-update.win32_1.4.0.202007081208/tools/bin/../lib/gcc/arm-none-eabi/7.3.1/../../../../arm-none-eabi/lib/thumb/v7e-m/fpv4-sp/hard\libc_nano.a(lib_a-nano-svfprintf.o)
                0x0000000008004f1c                _svfiprintf_r
                0x0000000008004f1c                _svfprintf_r
 .text._printf_common
                0x000000000800510c       0xea c:/st/stm32cubeide_1.4.0/stm32cubeide/plugins/com.st.stm32cube.ide.mcu.externaltools.gnu-tools-for-stm32.7-2018-q2-update.win32_1.4.0.202007081208/tools/bin/../lib/gcc/arm-none-eabi/7.3.1/../../../../arm-none-eabi/lib/thumb/v7e-m/fpv4-sp/hard\libc_nano.a(lib_a-nano-vfprintf_i.o)
                0x000000000800510c                _printf_common
 *fill*         0x00000000080051f6        0x2 
 .text._printf_i
                0x00000000080051f8      0x224 c:/st/stm32cubeide_1.4.0/stm32cubeide/plugins/com.st.stm32cube.ide.mcu.externaltools.gnu-tools-for-stm32.7-2018-q2-update.win32_1.4.0.202007081208/tools/bin/../lib/gcc/arm-none-eabi/7.3.1/../../../../arm-none-eabi/lib/thumb/v7e-m/fpv4-sp/hard\libc_nano.a(lib_a-nano-vfprintf_i.o)
                0x00000000080051f8                _printf_i
 .text.memmove  0x000000000800541c       0x32 c:/st/stm32cubeide_1.4.0/stm32cubeide/plugins/com.st.stm32cube.ide.mcu.externaltools.gnu-tools-for-stm32.7-2018-q2-update.win32_1.4.0.202007081208/tools/bin/../lib/gcc/arm-none-eabi/7.3.1/../../../../arm-none-eabi/lib/thumb/v7e-m/fpv4-sp/hard\libc_nano.a(lib_a-memmove.o)
                0x000000000800541c                memmove
 *fill*         0x000000000800544e        0x2 
 .text._free_r  0x0000000008005450       0x9c c:/st/stm32cubeide_1.4.0/stm32cubeide/plugins/com.st.stm32cube.ide.mcu.externaltools.gnu-tools-for-stm32.7-2018-q2-update.win32_1.4.0.202007081208/tools/bin/../lib/gcc/arm-none-eabi/7.3.1/../../../../arm-none-eabi/lib/thumb/v7e-m/fpv4-sp/hard\libc_nano.a(lib_a-nano-freer.o)
                0x0000000008005450                _free_r
 .text._malloc_r
                0x00000000080054ec       0xb4 c:/st/stm32cubeide_1.4.0/stm32cubeide/plugins/com.st.stm32cube.ide.mcu.externaltools.gnu-tools-for-stm32.7-2018-q2-update.win32_1.4.0.202007081208/tools/bin/../lib/gcc/arm-none-eabi/7.3.1/../../../../arm-none-eabi/lib/thumb/v7e-m/fpv4-sp/hard\libc_nano.a(lib_a-nano-mallocr.o)
                0x00000000080054ec                _malloc_r
 .text._realloc_r
                0x00000000080055a0       0x4c c:/st/stm32cubeide_1.4.0/stm32cubeide/plugins/com.st.stm32cube.ide.mcu.externaltools.gnu-tools-for-stm32.7-2018-q2-update.win32_1.4.0.202007081208/tools/bin/../lib/gcc/arm-none-eabi/7.3.1/../../../../arm-none-eabi/lib/thumb/v7e-m/fpv4-sp/hard\libc_nano.a(lib_a-nano-reallocr.o)
                0x00000000080055a0                _realloc_r
 .text._sbrk_r  0x00000000080055ec       0x20 c:/st/stm32cubeide_1.4.0/stm32cubeide/plugins/com.st.stm32cube.ide.mcu.externaltools.gnu-tools-for-stm32.7-2018-q2-update.win32_1.4.0.202007081208/tools/bin/../lib/gcc/arm-none-eabi/7.3.1/../../../../arm-none-eabi/lib/thumb/v7e-m/fpv4-sp/hard\libc_nano.a(lib_a-sbrkr.o)
                0x00000000080055ec                _sbrk_r
 .text.__malloc_lock
                0x000000000800560c        0x2 c:/st/stm32cubeide_1.4.0/stm32cubeide/plugins/com.st.stm32cube.ide.mcu.externaltools.gnu-tools-for-stm32.7-2018-q2-update.win32_1.4.0.202007081208/tools/bin/../lib/gcc/arm-none-eabi/7.3.1/../../../../arm-none-eabi/lib/thumb/v7e-m/fpv4-sp/hard\libc_nano.a(lib_a-mlock.o)
                0x000000000800560c                __malloc_lock
 .text.__malloc_unlock
                0x000000000800560e        0x2 c:/st/stm32cubeide_1.4.0/stm32cubeide/plugins/com.st.stm32cube.ide.mcu.externaltools.gnu-tools-for-stm32.7-2018-q2-update.win32_1.4.0.202007081208/tools/bin/../lib/gcc/arm-none-eabi/7.3.1/../../../../arm-none-eabi/lib/thumb/v7e-m/fpv4-sp/hard\libc_nano.a(lib_a-mlock.o)
                0x000000000800560e                __malloc_unlock
 .text._malloc_usable_size_r
                0x0000000008005610       0x10 c:/st/stm32cubeide_1.4.0/stm32cubeide/plugins/com.st.stm32cube.ide.mcu.externaltools.gnu-tools-for-stm32.7-2018-q2-update.win32_1.4.0.202007081208/tools/bin/../lib/gcc/arm-none-eabi/7.3.1/../../../../arm-none-eabi/lib/thumb/v7e-m/fpv4-sp/hard\libc_nano.a(lib_a-nano-msizer.o)
                0x0000000008005610                _malloc_usable_size_r
 *(.glue_7)
 .glue_7        0x0000000008005620        0x0 linker stubs
 *(.glue_7t)
 .glue_7t       0x0000000008005620        0x0 linker stubs
 *(.eh_frame)
 .eh_frame      0x0000000008005620        0x0 c:/st/stm32cubeide_1.4.0/stm32cubeide/plugins/com.st.stm32cube.ide.mcu.externaltools.gnu-tools-for-stm32.7-2018-q2-update.win32_1.4.0.202007081208/tools/bin/../lib/gcc/arm-none-eabi/7.3.1/thumb/v7e-m/fpv4-sp/hard/crtbegin.o
 *(.init)
 .init          0x0000000008005620        0x4 c:/st/stm32cubeide_1.4.0/stm32cubeide/plugins/com.st.stm32cube.ide.mcu.externaltools.gnu-tools-for-stm32.7-2018-q2-update.win32_1.4.0.202007081208/tools/bin/../lib/gcc/arm-none-eabi/7.3.1/thumb/v7e-m/fpv4-sp/hard/crti.o
                0x0000000008005620                _init
 .init          0x0000000008005624        0x8 c:/st/stm32cubeide_1.4.0/stm32cubeide/plugins/com.st.stm32cube.ide.mcu.externaltools.gnu-tools-for-stm32.7-2018-q2-update.win32_1.4.0.202007081208/tools/bin/../lib/gcc/arm-none-eabi/7.3.1/thumb/v7e-m/fpv4-sp/hard/crtn.o
 *(.fini)
 .fini          0x000000000800562c        0x4 c:/st/stm32cubeide_1.4.0/stm32cubeide/plugins/com.st.stm32cube.ide.mcu.externaltools.gnu-tools-for-stm32.7-2018-q2-update.win32_1.4.0.202007081208/tools/bin/../lib/gcc/arm-none-eabi/7.3.1/thumb/v7e-m/fpv4-sp/hard/crti.o
                0x000000000800562c                _fini
 .fini          0x0000000008005630        0x8 c:/st/stm32cubeide_1.4.0/stm32cubeide/plugins/com.st.stm32cube.ide.mcu.externaltools.gnu-tools-for-stm32.7-2018-q2-update.win32_1.4.0.202007081208/tools/bin/../lib/gcc/arm-none-eabi/7.3.1/thumb/v7e-m/fpv4-sp/hard/crtn.o
                0x0000000008005638                . = ALIGN (0x4)
                0x0000000008005638                _etext = .

.vfp11_veneer   0x0000000008005638        0x0
 .vfp11_veneer  0x0000000008005638        0x0 linker stubs

.v4_bx          0x0000000008005638        0x0
 .v4_bx         0x0000000008005638        0x0 linker stubs

.iplt           0x0000000008005638        0x0
 .iplt          0x0000000008005638        0x0 c:/st/stm32cubeide_1.4.0/stm32cubeide/plugins/com.st.stm32cube.ide.mcu.externaltools.gnu-tools-for-stm32.7-2018-q2-update.win32_1.4.0.202007081208/tools/bin/../lib/gcc/arm-none-eabi/7.3.1/thumb/v7e-m/fpv4-sp/hard/crtbegin.o

.rodata         0x0000000008005638       0x70
                0x0000000008005638                . = ALIGN (0x4)
 *(.rodata)
 .rodata        0x0000000008005638       0x21 Core/Src/omnicar_src/lcd_i2c.o
 *(.rodata*)
 *fill*         0x0000000008005659        0x3 
 .rodata.AHBPrescTable
                0x000000000800565c       0x10 Core/Src/system_stm32f4xx.o
                0x000000000800565c                AHBPrescTable
 .rodata.APBPrescTable
                0x000000000800566c        0x8 Core/Src/system_stm32f4xx.o
                0x000000000800566c                APBPrescTable
 .rodata._svfprintf_r.str1.1
                0x0000000008005674       0x11 c:/st/stm32cubeide_1.4.0/stm32cubeide/plugins/com.st.stm32cube.ide.mcu.externaltools.gnu-tools-for-stm32.7-2018-q2-update.win32_1.4.0.202007081208/tools/bin/../lib/gcc/arm-none-eabi/7.3.1/../../../../arm-none-eabi/lib/thumb/v7e-m/fpv4-sp/hard\libc_nano.a(lib_a-nano-svfprintf.o)
 .rodata._printf_i.str1.1
                0x0000000008005685       0x22 c:/st/stm32cubeide_1.4.0/stm32cubeide/plugins/com.st.stm32cube.ide.mcu.externaltools.gnu-tools-for-stm32.7-2018-q2-update.win32_1.4.0.202007081208/tools/bin/../lib/gcc/arm-none-eabi/7.3.1/../../../../arm-none-eabi/lib/thumb/v7e-m/fpv4-sp/hard\libc_nano.a(lib_a-nano-vfprintf_i.o)
                0x00000000080056a8                . = ALIGN (0x4)
 *fill*         0x00000000080056a7        0x1 

.ARM.extab      0x00000000080056a8        0x0
                0x00000000080056a8                . = ALIGN (0x4)
 *(.ARM.extab* .gnu.linkonce.armextab.*)
                0x00000000080056a8                . = ALIGN (0x4)

.ARM            0x00000000080056a8        0x8
                0x00000000080056a8                . = ALIGN (0x4)
                0x00000000080056a8                __exidx_start = .
 *(.ARM.exidx*)
 .ARM.exidx     0x00000000080056a8        0x8 c:/st/stm32cubeide_1.4.0/stm32cubeide/plugins/com.st.stm32cube.ide.mcu.externaltools.gnu-tools-for-stm32.7-2018-q2-update.win32_1.4.0.202007081208/tools/bin/../lib/gcc/arm-none-eabi/7.3.1/thumb/v7e-m/fpv4-sp/hard\libgcc.a(_udivmoddi4.o)
                0x00000000080056b0                __exidx_end = .
                0x00000000080056b0                . = ALIGN (0x4)

.rel.dyn        0x00000000080056b0        0x0
 .rel.iplt      0x00000000080056b0        0x0 c:/st/stm32cubeide_1.4.0/stm32cubeide/plugins/com.st.stm32cube.ide.mcu.externaltools.gnu-tools-for-stm32.7-2018-q2-update.win32_1.4.0.202007081208/tools/bin/../lib/gcc/arm-none-eabi/7.3.1/thumb/v7e-m/fpv4-sp/hard/crtbegin.o

.preinit_array  0x00000000080056b0        0x0
                0x00000000080056b0                . = ALIGN (0x4)
                0x00000000080056b0                PROVIDE (__preinit_array_start = .)
 *(.preinit_array*)
                0x00000000080056b0                PROVIDE (__preinit_array_end = .)
                0x00000000080056b0                . = ALIGN (0x4)

.init_array     0x00000000080056b0        0x4
                0x00000000080056b0                . = ALIGN (0x4)
                0x00000000080056b0                PROVIDE (__init_array_start = .)
 *(SORT_BY_NAME(.init_array.*))
 *(.init_array*)
 .init_array    0x00000000080056b0        0x4 c:/st/stm32cubeide_1.4.0/stm32cubeide/plugins/com.st.stm32cube.ide.mcu.externaltools.gnu-tools-for-stm32.7-2018-q2-update.win32_1.4.0.202007081208/tools/bin/../lib/gcc/arm-none-eabi/7.3.1/thumb/v7e-m/fpv4-sp/hard/crtbegin.o
                0x00000000080056b4                PROVIDE (__init_array_end = .)
                0x00000000080056b4                . = ALIGN (0x4)

.fini_array     0x00000000080056b4        0x4
                0x00000000080056b4                . = ALIGN (0x4)
                [!provide]                        PROVIDE (__fini_array_start = .)
 *(SORT_BY_NAME(.fini_array.*))
 *(.fini_array*)
 .fini_array    0x00000000080056b4        0x4 c:/st/stm32cubeide_1.4.0/stm32cubeide/plugins/com.st.stm32cube.ide.mcu.externaltools.gnu-tools-for-stm32.7-2018-q2-update.win32_1.4.0.202007081208/tools/bin/../lib/gcc/arm-none-eabi/7.3.1/thumb/v7e-m/fpv4-sp/hard/crtbegin.o
                [!provide]                        PROVIDE (__fini_array_end = .)
                0x00000000080056b8                . = ALIGN (0x4)
                0x00000000080056b8                _sidata = LOADADDR (.data)

.data           0x0000000020000000       0x7c load address 0x00000000080056b8
                0x0000000020000000                . = ALIGN (0x4)
                0x0000000020000000                _sdata = .
 *(.data)
 *(.data*)
 .data.TxpipeAddrs
                0x0000000020000000        0x8 Core/Src/main.o
                0x0000000020000000                TxpipeAddrs
 .data.channel  0x0000000020000008        0x1 Core/Src/main.o
                0x0000000020000008                channel
 .data.payload_size
                0x0000000020000009        0x1 Core/Src/main.o
                0x0000000020000009                payload_size
 *fill*         0x000000002000000a        0x2 
 .data.SystemCoreClock
                0x000000002000000c        0x4 Core/Src/system_stm32f4xx.o
                0x000000002000000c                SystemCoreClock
 .data.uwTickPrio
                0x0000000020000010        0x4 Drivers/STM32F4xx_HAL_Driver/Src/stm32f4xx_hal.o
                0x0000000020000010                uwTickPrio
 .data.uwTickFreq
                0x0000000020000014        0x1 Drivers/STM32F4xx_HAL_Driver/Src/stm32f4xx_hal.o
                0x0000000020000014                uwTickFreq
 *fill*         0x0000000020000015        0x3 
 .data._impure_ptr
                0x0000000020000018        0x4 c:/st/stm32cubeide_1.4.0/stm32cubeide/plugins/com.st.stm32cube.ide.mcu.externaltools.gnu-tools-for-stm32.7-2018-q2-update.win32_1.4.0.202007081208/tools/bin/../lib/gcc/arm-none-eabi/7.3.1/../../../../arm-none-eabi/lib/thumb/v7e-m/fpv4-sp/hard\libc_nano.a(lib_a-impure.o)
                0x0000000020000018                _impure_ptr
 .data.impure_data
                0x000000002000001c       0x60 c:/st/stm32cubeide_1.4.0/stm32cubeide/plugins/com.st.stm32cube.ide.mcu.externaltools.gnu-tools-for-stm32.7-2018-q2-update.win32_1.4.0.202007081208/tools/bin/../lib/gcc/arm-none-eabi/7.3.1/../../../../arm-none-eabi/lib/thumb/v7e-m/fpv4-sp/hard\libc_nano.a(lib_a-impure.o)
                0x000000002000007c                . = ALIGN (0x4)
                0x000000002000007c                _edata = .

.igot.plt       0x000000002000007c        0x0 load address 0x0000000008005734
 .igot.plt      0x000000002000007c        0x0 c:/st/stm32cubeide_1.4.0/stm32cubeide/plugins/com.st.stm32cube.ide.mcu.externaltools.gnu-tools-for-stm32.7-2018-q2-update.win32_1.4.0.202007081208/tools/bin/../lib/gcc/arm-none-eabi/7.3.1/thumb/v7e-m/fpv4-sp/hard/crtbegin.o
                0x000000002000007c                . = ALIGN (0x4)

.bss            0x000000002000007c      0x264 load address 0x0000000008005734
                0x000000002000007c                _sbss = .
                0x000000002000007c                __bss_start__ = _sbss
 *(.bss)
 .bss           0x000000002000007c       0x1c c:/st/stm32cubeide_1.4.0/stm32cubeide/plugins/com.st.stm32cube.ide.mcu.externaltools.gnu-tools-for-stm32.7-2018-q2-update.win32_1.4.0.202007081208/tools/bin/../lib/gcc/arm-none-eabi/7.3.1/thumb/v7e-m/fpv4-sp/hard/crtbegin.o
 *(.bss*)
 .bss.myTxData  0x0000000020000098        0x3 Core/Src/main.o
 .bss.counter   0x000000002000009b        0x1 Core/Src/main.o
                0x000000002000009b                counter
 .bss.batt      0x000000002000009c        0x2 Core/Src/main.o
                0x000000002000009c                batt
 *fill*         0x000000002000009e        0x2 
 .bss.__sbrk_heap_end
                0x00000000200000a0        0x4 Core/Src/sysmem.o
 .bss.ack_payload_available
                0x00000000200000a4        0x1 Core/Src/omnicar_src/MY_NRF24.o
 .bss.ack_payload_length
                0x00000000200000a5        0x1 Core/Src/omnicar_src/MY_NRF24.o
 .bss.payload_size
                0x00000000200000a6        0x1 Core/Src/omnicar_src/MY_NRF24.o
 .bss.dynamic_payloads_enabled
                0x00000000200000a7        0x1 Core/Src/omnicar_src/MY_NRF24.o
 .bss.wide_band
                0x00000000200000a8        0x1 Core/Src/omnicar_src/MY_NRF24.o
 *fill*         0x00000000200000a9        0x3 
 .bss.nrf24_PORT
                0x00000000200000ac        0x4 Core/Src/omnicar_src/MY_NRF24.o
 .bss.nrf24_CSN_PIN
                0x00000000200000b0        0x2 Core/Src/omnicar_src/MY_NRF24.o
 .bss.nrf24_CE_PIN
                0x00000000200000b2        0x2 Core/Src/omnicar_src/MY_NRF24.o
 .bss.nrf24_hspi
                0x00000000200000b4       0x58 Core/Src/omnicar_src/MY_NRF24.o
 .bss.VRx       0x000000002000010c        0x2 Core/Src/omnicar_src/ihm.o
 .bss.VRy       0x000000002000010e        0x2 Core/Src/omnicar_src/ihm.o
 .bss.PWR_PORT  0x0000000020000110        0x4 Core/Src/omnicar_src/ihm.o
 .bss.PWR_UP_PIN
                0x0000000020000114        0x2 Core/Src/omnicar_src/ihm.o
 .bss.PWR_DOWN_PIN
                0x0000000020000116        0x2 Core/Src/omnicar_src/ihm.o
 .bss.ROTA_PORT
                0x0000000020000118        0x4 Core/Src/omnicar_src/ihm.o
 .bss.ROTA_LEFT_PIN
                0x000000002000011c        0x2 Core/Src/omnicar_src/ihm.o
 .bss.ROTA_RIGHT_PIN
                0x000000002000011e        0x2 Core/Src/omnicar_src/ihm.o
 .bss.BUZZER_PORT
                0x0000000020000120        0x4 Core/Src/omnicar_src/ihm.o
 .bss.BUZZER_PIN
                0x0000000020000124        0x2 Core/Src/omnicar_src/ihm.o
 *fill*         0x0000000020000126        0x2 
 .bss.SWITCH_PORT
                0x0000000020000128        0x4 Core/Src/omnicar_src/ihm.o
 .bss.SWITCH_PIN
                0x000000002000012c        0x2 Core/Src/omnicar_src/ihm.o
 .bss.counter   0x000000002000012e        0x1 Core/Src/omnicar_src/ihm.o
 .bss.neutral_areaY
                0x000000002000012f        0x1 Core/Src/omnicar_src/ihm.o
 .bss.neutral_areaX
                0x0000000020000130        0x1 Core/Src/omnicar_src/ihm.o
 .bss.switch_on
                0x0000000020000131        0x1 Core/Src/omnicar_src/ihm.o
 .bss.batValue  0x0000000020000132        0x1 Core/Src/omnicar_src/ihm.o
 *fill*         0x0000000020000133        0x1 
 .bss.batPercent
                0x0000000020000134        0x4 Core/Src/omnicar_src/ihm.o
 .bss.lcd_i2cHandle
                0x0000000020000138       0x54 Core/Src/omnicar_src/lcd_i2c.o
 .bss.LCD_I2C_SLAVE_ADDRESS
                0x000000002000018c        0x1 Core/Src/omnicar_src/lcd_i2c.o
 *fill*         0x000000002000018d        0x3 
 .bss.__malloc_free_list
                0x0000000020000190        0x4 c:/st/stm32cubeide_1.4.0/stm32cubeide/plugins/com.st.stm32cube.ide.mcu.externaltools.gnu-tools-for-stm32.7-2018-q2-update.win32_1.4.0.202007081208/tools/bin/../lib/gcc/arm-none-eabi/7.3.1/../../../../arm-none-eabi/lib/thumb/v7e-m/fpv4-sp/hard\libc_nano.a(lib_a-nano-mallocr.o)
                0x0000000020000190                __malloc_free_list
 .bss.__malloc_sbrk_start
                0x0000000020000194        0x4 c:/st/stm32cubeide_1.4.0/stm32cubeide/plugins/com.st.stm32cube.ide.mcu.externaltools.gnu-tools-for-stm32.7-2018-q2-update.win32_1.4.0.202007081208/tools/bin/../lib/gcc/arm-none-eabi/7.3.1/../../../../arm-none-eabi/lib/thumb/v7e-m/fpv4-sp/hard\libc_nano.a(lib_a-nano-mallocr.o)
                0x0000000020000194                __malloc_sbrk_start
 *(COMMON)
 COMMON         0x0000000020000198      0x140 Core/Src/main.o
                0x0000000020000198                hi2c3
                0x00000000200001ec                AckPayload
                0x00000000200001f0                hadc2
                0x0000000020000238                hspi3
                0x0000000020000290                hadc1
 COMMON         0x00000000200002d8        0x4 Drivers/STM32F4xx_HAL_Driver/Src/stm32f4xx_hal.o
                0x00000000200002d8                uwTick
 COMMON         0x00000000200002dc        0x4 c:/st/stm32cubeide_1.4.0/stm32cubeide/plugins/com.st.stm32cube.ide.mcu.externaltools.gnu-tools-for-stm32.7-2018-q2-update.win32_1.4.0.202007081208/tools/bin/../lib/gcc/arm-none-eabi/7.3.1/../../../../arm-none-eabi/lib/thumb/v7e-m/fpv4-sp/hard\libc_nano.a(lib_a-reent.o)
                0x00000000200002dc                errno
                0x00000000200002e0                . = ALIGN (0x4)
                0x00000000200002e0                _ebss = .
                0x00000000200002e0                __bss_end__ = _ebss

._user_heap_stack
                0x00000000200002e0      0x600 load address 0x0000000008005734
                0x00000000200002e0                . = ALIGN (0x8)
                [!provide]                        PROVIDE (end = .)
                0x00000000200002e0                PROVIDE (_end = .)
                0x00000000200004e0                . = (. + _Min_Heap_Size)
 *fill*         0x00000000200002e0      0x200 
                0x00000000200008e0                . = (. + _Min_Stack_Size)
 *fill*         0x00000000200004e0      0x400 
                0x00000000200008e0                . = ALIGN (0x8)

/DISCARD/
 libc.a(*)
 libm.a(*)
 libgcc.a(*)

.ARM.attributes
                0x0000000000000000       0x30
 *(.ARM.attributes)
 .ARM.attributes
                0x0000000000000000       0x22 c:/st/stm32cubeide_1.4.0/stm32cubeide/plugins/com.st.stm32cube.ide.mcu.externaltools.gnu-tools-for-stm32.7-2018-q2-update.win32_1.4.0.202007081208/tools/bin/../lib/gcc/arm-none-eabi/7.3.1/thumb/v7e-m/fpv4-sp/hard/crti.o
 .ARM.attributes
                0x0000000000000022       0x34 c:/st/stm32cubeide_1.4.0/stm32cubeide/plugins/com.st.stm32cube.ide.mcu.externaltools.gnu-tools-for-stm32.7-2018-q2-update.win32_1.4.0.202007081208/tools/bin/../lib/gcc/arm-none-eabi/7.3.1/thumb/v7e-m/fpv4-sp/hard/crtbegin.o
 .ARM.attributes
                0x0000000000000056       0x39 Core/Src/main.o
 .ARM.attributes
                0x000000000000008f       0x39 Core/Src/stm32f4xx_hal_msp.o
 .ARM.attributes
                0x00000000000000c8       0x39 Core/Src/stm32f4xx_it.o
 .ARM.attributes
                0x0000000000000101       0x39 Core/Src/sysmem.o
 .ARM.attributes
                0x000000000000013a       0x39 Core/Src/system_stm32f4xx.o
 .ARM.attributes
                0x0000000000000173       0x39 Core/Src/omnicar_src/MY_NRF24.o
 .ARM.attributes
                0x00000000000001ac       0x39 Core/Src/omnicar_src/ihm.o
 .ARM.attributes
                0x00000000000001e5       0x39 Core/Src/omnicar_src/lcd_i2c.o
 .ARM.attributes
                0x000000000000021e       0x21 Core/Startup/startup_stm32f417vgtx.o
 .ARM.attributes
                0x000000000000023f       0x39 Drivers/STM32F4xx_HAL_Driver/Src/stm32f4xx_hal.o
 .ARM.attributes
                0x0000000000000278       0x39 Drivers/STM32F4xx_HAL_Driver/Src/stm32f4xx_hal_adc.o
 .ARM.attributes
                0x00000000000002b1       0x39 Drivers/STM32F4xx_HAL_Driver/Src/stm32f4xx_hal_cortex.o
 .ARM.attributes
                0x00000000000002ea       0x39 Drivers/STM32F4xx_HAL_Driver/Src/stm32f4xx_hal_gpio.o
 .ARM.attributes
                0x0000000000000323       0x39 Drivers/STM32F4xx_HAL_Driver/Src/stm32f4xx_hal_i2c.o
 .ARM.attributes
                0x000000000000035c       0x39 Drivers/STM32F4xx_HAL_Driver/Src/stm32f4xx_hal_rcc.o
 .ARM.attributes
                0x0000000000000395       0x39 Drivers/STM32F4xx_HAL_Driver/Src/stm32f4xx_hal_spi.o
 .ARM.attributes
                0x00000000000003ce       0x34 c:/st/stm32cubeide_1.4.0/stm32cubeide/plugins/com.st.stm32cube.ide.mcu.externaltools.gnu-tools-for-stm32.7-2018-q2-update.win32_1.4.0.202007081208/tools/bin/../lib/gcc/arm-none-eabi/7.3.1/../../../../arm-none-eabi/lib/thumb/v7e-m/fpv4-sp/hard\libc_nano.a(lib_a-errno.o)
 .ARM.attributes
                0x0000000000000402       0x34 c:/st/stm32cubeide_1.4.0/stm32cubeide/plugins/com.st.stm32cube.ide.mcu.externaltools.gnu-tools-for-stm32.7-2018-q2-update.win32_1.4.0.202007081208/tools/bin/../lib/gcc/arm-none-eabi/7.3.1/../../../../arm-none-eabi/lib/thumb/v7e-m/fpv4-sp/hard\libc_nano.a(lib_a-impure.o)
 .ARM.attributes
                0x0000000000000436       0x34 c:/st/stm32cubeide_1.4.0/stm32cubeide/plugins/com.st.stm32cube.ide.mcu.externaltools.gnu-tools-for-stm32.7-2018-q2-update.win32_1.4.0.202007081208/tools/bin/../lib/gcc/arm-none-eabi/7.3.1/../../../../arm-none-eabi/lib/thumb/v7e-m/fpv4-sp/hard\libc_nano.a(lib_a-init.o)
 .ARM.attributes
                0x000000000000046a       0x34 c:/st/stm32cubeide_1.4.0/stm32cubeide/plugins/com.st.stm32cube.ide.mcu.externaltools.gnu-tools-for-stm32.7-2018-q2-update.win32_1.4.0.202007081208/tools/bin/../lib/gcc/arm-none-eabi/7.3.1/../../../../arm-none-eabi/lib/thumb/v7e-m/fpv4-sp/hard\libc_nano.a(lib_a-memcpy-stub.o)
 .ARM.attributes
                0x000000000000049e       0x34 c:/st/stm32cubeide_1.4.0/stm32cubeide/plugins/com.st.stm32cube.ide.mcu.externaltools.gnu-tools-for-stm32.7-2018-q2-update.win32_1.4.0.202007081208/tools/bin/../lib/gcc/arm-none-eabi/7.3.1/../../../../arm-none-eabi/lib/thumb/v7e-m/fpv4-sp/hard\libc_nano.a(lib_a-memset.o)
 .ARM.attributes
                0x00000000000004d2       0x1b c:/st/stm32cubeide_1.4.0/stm32cubeide/plugins/com.st.stm32cube.ide.mcu.externaltools.gnu-tools-for-stm32.7-2018-q2-update.win32_1.4.0.202007081208/tools/bin/../lib/gcc/arm-none-eabi/7.3.1/../../../../arm-none-eabi/lib/thumb/v7e-m/fpv4-sp/hard\libc_nano.a(lib_a-strlen.o)
 .ARM.attributes
                0x00000000000004ed       0x34 c:/st/stm32cubeide_1.4.0/stm32cubeide/plugins/com.st.stm32cube.ide.mcu.externaltools.gnu-tools-for-stm32.7-2018-q2-update.win32_1.4.0.202007081208/tools/bin/../lib/gcc/arm-none-eabi/7.3.1/../../../../arm-none-eabi/lib/thumb/v7e-m/fpv4-sp/hard\libc_nano.a(lib_a-vsprintf.o)
 .ARM.attributes
                0x0000000000000521       0x34 c:/st/stm32cubeide_1.4.0/stm32cubeide/plugins/com.st.stm32cube.ide.mcu.externaltools.gnu-tools-for-stm32.7-2018-q2-update.win32_1.4.0.202007081208/tools/bin/../lib/gcc/arm-none-eabi/7.3.1/../../../../arm-none-eabi/lib/thumb/v7e-m/fpv4-sp/hard\libc_nano.a(lib_a-nano-svfprintf.o)
 .ARM.attributes
                0x0000000000000555       0x34 c:/st/stm32cubeide_1.4.0/stm32cubeide/plugins/com.st.stm32cube.ide.mcu.externaltools.gnu-tools-for-stm32.7-2018-q2-update.win32_1.4.0.202007081208/tools/bin/../lib/gcc/arm-none-eabi/7.3.1/../../../../arm-none-eabi/lib/thumb/v7e-m/fpv4-sp/hard\libc_nano.a(lib_a-nano-vfprintf_i.o)
 .ARM.attributes
                0x0000000000000589       0x20 c:/st/stm32cubeide_1.4.0/stm32cubeide/plugins/com.st.stm32cube.ide.mcu.externaltools.gnu-tools-for-stm32.7-2018-q2-update.win32_1.4.0.202007081208/tools/bin/../lib/gcc/arm-none-eabi/7.3.1/../../../../arm-none-eabi/lib/thumb/v7e-m/fpv4-sp/hard\libc_nano.a(lib_a-memchr.o)
 .ARM.attributes
                0x00000000000005a9       0x34 c:/st/stm32cubeide_1.4.0/stm32cubeide/plugins/com.st.stm32cube.ide.mcu.externaltools.gnu-tools-for-stm32.7-2018-q2-update.win32_1.4.0.202007081208/tools/bin/../lib/gcc/arm-none-eabi/7.3.1/../../../../arm-none-eabi/lib/thumb/v7e-m/fpv4-sp/hard\libc_nano.a(lib_a-memmove.o)
 .ARM.attributes
                0x00000000000005dd       0x34 c:/st/stm32cubeide_1.4.0/stm32cubeide/plugins/com.st.stm32cube.ide.mcu.externaltools.gnu-tools-for-stm32.7-2018-q2-update.win32_1.4.0.202007081208/tools/bin/../lib/gcc/arm-none-eabi/7.3.1/../../../../arm-none-eabi/lib/thumb/v7e-m/fpv4-sp/hard\libc_nano.a(lib_a-nano-freer.o)
 .ARM.attributes
                0x0000000000000611       0x34 c:/st/stm32cubeide_1.4.0/stm32cubeide/plugins/com.st.stm32cube.ide.mcu.externaltools.gnu-tools-for-stm32.7-2018-q2-update.win32_1.4.0.202007081208/tools/bin/../lib/gcc/arm-none-eabi/7.3.1/../../../../arm-none-eabi/lib/thumb/v7e-m/fpv4-sp/hard\libc_nano.a(lib_a-nano-mallocr.o)
 .ARM.attributes
                0x0000000000000645       0x34 c:/st/stm32cubeide_1.4.0/stm32cubeide/plugins/com.st.stm32cube.ide.mcu.externaltools.gnu-tools-for-stm32.7-2018-q2-update.win32_1.4.0.202007081208/tools/bin/../lib/gcc/arm-none-eabi/7.3.1/../../../../arm-none-eabi/lib/thumb/v7e-m/fpv4-sp/hard\libc_nano.a(lib_a-nano-reallocr.o)
 .ARM.attributes
                0x0000000000000679       0x34 c:/st/stm32cubeide_1.4.0/stm32cubeide/plugins/com.st.stm32cube.ide.mcu.externaltools.gnu-tools-for-stm32.7-2018-q2-update.win32_1.4.0.202007081208/tools/bin/../lib/gcc/arm-none-eabi/7.3.1/../../../../arm-none-eabi/lib/thumb/v7e-m/fpv4-sp/hard\libc_nano.a(lib_a-sbrkr.o)
 .ARM.attributes
                0x00000000000006ad       0x34 c:/st/stm32cubeide_1.4.0/stm32cubeide/plugins/com.st.stm32cube.ide.mcu.externaltools.gnu-tools-for-stm32.7-2018-q2-update.win32_1.4.0.202007081208/tools/bin/../lib/gcc/arm-none-eabi/7.3.1/../../../../arm-none-eabi/lib/thumb/v7e-m/fpv4-sp/hard\libc_nano.a(lib_a-mlock.o)
 .ARM.attributes
                0x00000000000006e1       0x34 c:/st/stm32cubeide_1.4.0/stm32cubeide/plugins/com.st.stm32cube.ide.mcu.externaltools.gnu-tools-for-stm32.7-2018-q2-update.win32_1.4.0.202007081208/tools/bin/../lib/gcc/arm-none-eabi/7.3.1/../../../../arm-none-eabi/lib/thumb/v7e-m/fpv4-sp/hard\libc_nano.a(lib_a-nano-msizer.o)
 .ARM.attributes
                0x0000000000000715       0x34 c:/st/stm32cubeide_1.4.0/stm32cubeide/plugins/com.st.stm32cube.ide.mcu.externaltools.gnu-tools-for-stm32.7-2018-q2-update.win32_1.4.0.202007081208/tools/bin/../lib/gcc/arm-none-eabi/7.3.1/../../../../arm-none-eabi/lib/thumb/v7e-m/fpv4-sp/hard\libc_nano.a(lib_a-reent.o)
 .ARM.attributes
                0x0000000000000749       0x22 c:/st/stm32cubeide_1.4.0/stm32cubeide/plugins/com.st.stm32cube.ide.mcu.externaltools.gnu-tools-for-stm32.7-2018-q2-update.win32_1.4.0.202007081208/tools/bin/../lib/gcc/arm-none-eabi/7.3.1/thumb/v7e-m/fpv4-sp/hard\libgcc.a(_aeabi_uldivmod.o)
 .ARM.attributes
                0x000000000000076b       0x34 c:/st/stm32cubeide_1.4.0/stm32cubeide/plugins/com.st.stm32cube.ide.mcu.externaltools.gnu-tools-for-stm32.7-2018-q2-update.win32_1.4.0.202007081208/tools/bin/../lib/gcc/arm-none-eabi/7.3.1/thumb/v7e-m/fpv4-sp/hard\libgcc.a(_udivmoddi4.o)
 .ARM.attributes
                0x000000000000079f       0x22 c:/st/stm32cubeide_1.4.0/stm32cubeide/plugins/com.st.stm32cube.ide.mcu.externaltools.gnu-tools-for-stm32.7-2018-q2-update.win32_1.4.0.202007081208/tools/bin/../lib/gcc/arm-none-eabi/7.3.1/thumb/v7e-m/fpv4-sp/hard\libgcc.a(_dvmd_tls.o)
 .ARM.attributes
                0x00000000000007c1       0x22 c:/st/stm32cubeide_1.4.0/stm32cubeide/plugins/com.st.stm32cube.ide.mcu.externaltools.gnu-tools-for-stm32.7-2018-q2-update.win32_1.4.0.202007081208/tools/bin/../lib/gcc/arm-none-eabi/7.3.1/thumb/v7e-m/fpv4-sp/hard/crtn.o
OUTPUT(OT2_OMNICAR_ST417.elf elf32-littlearm)

.debug_info     0x0000000000000000     0xe8d2
 .debug_info    0x0000000000000000     0x1a4a Core/Src/main.o
 .debug_info    0x0000000000001a4a      0xff8 Core/Src/stm32f4xx_hal_msp.o
 .debug_info    0x0000000000002a42      0x20a Core/Src/stm32f4xx_it.o
 .debug_info    0x0000000000002c4c      0x985 Core/Src/sysmem.o
 .debug_info    0x00000000000035d1      0x554 Core/Src/system_stm32f4xx.o
 .debug_info    0x0000000000003b25     0x1b16 Core/Src/omnicar_src/MY_NRF24.o
 .debug_info    0x000000000000563b     0x11e4 Core/Src/omnicar_src/ihm.o
 .debug_info    0x000000000000681f     0x1111 Core/Src/omnicar_src/lcd_i2c.o
 .debug_info    0x0000000000007930       0x22 Core/Startup/startup_stm32f417vgtx.o
 .debug_info    0x0000000000007952      0x94b Drivers/STM32F4xx_HAL_Driver/Src/stm32f4xx_hal.o
 .debug_info    0x000000000000829d      0xcee Drivers/STM32F4xx_HAL_Driver/Src/stm32f4xx_hal_adc.o
 .debug_info    0x0000000000008f8b      0xe2e Drivers/STM32F4xx_HAL_Driver/Src/stm32f4xx_hal_cortex.o
 .debug_info    0x0000000000009db9      0x7b5 Drivers/STM32F4xx_HAL_Driver/Src/stm32f4xx_hal_gpio.o
 .debug_info    0x000000000000a56e     0x2426 Drivers/STM32F4xx_HAL_Driver/Src/stm32f4xx_hal_i2c.o
 .debug_info    0x000000000000c994      0x904 Drivers/STM32F4xx_HAL_Driver/Src/stm32f4xx_hal_rcc.o
 .debug_info    0x000000000000d298     0x163a Drivers/STM32F4xx_HAL_Driver/Src/stm32f4xx_hal_spi.o

.debug_abbrev   0x0000000000000000     0x1ea1
 .debug_abbrev  0x0000000000000000      0x25f Core/Src/main.o
 .debug_abbrev  0x000000000000025f      0x1c4 Core/Src/stm32f4xx_hal_msp.o
 .debug_abbrev  0x0000000000000423       0xc6 Core/Src/stm32f4xx_it.o
 .debug_abbrev  0x00000000000004e9      0x19b Core/Src/sysmem.o
 .debug_abbrev  0x0000000000000684      0x12b Core/Src/system_stm32f4xx.o
 .debug_abbrev  0x00000000000007af      0x31f Core/Src/omnicar_src/MY_NRF24.o
 .debug_abbrev  0x0000000000000ace      0x214 Core/Src/omnicar_src/ihm.o
 .debug_abbrev  0x0000000000000ce2      0x245 Core/Src/omnicar_src/lcd_i2c.o
 .debug_abbrev  0x0000000000000f27       0x12 Core/Startup/startup_stm32f417vgtx.o
 .debug_abbrev  0x0000000000000f39      0x1c7 Drivers/STM32F4xx_HAL_Driver/Src/stm32f4xx_hal.o
 .debug_abbrev  0x0000000000001100      0x205 Drivers/STM32F4xx_HAL_Driver/Src/stm32f4xx_hal_adc.o
 .debug_abbrev  0x0000000000001305      0x2fa Drivers/STM32F4xx_HAL_Driver/Src/stm32f4xx_hal_cortex.o
 .debug_abbrev  0x00000000000015ff      0x1c9 Drivers/STM32F4xx_HAL_Driver/Src/stm32f4xx_hal_gpio.o
 .debug_abbrev  0x00000000000017c8      0x254 Drivers/STM32F4xx_HAL_Driver/Src/stm32f4xx_hal_i2c.o
 .debug_abbrev  0x0000000000001a1c      0x245 Drivers/STM32F4xx_HAL_Driver/Src/stm32f4xx_hal_rcc.o
 .debug_abbrev  0x0000000000001c61      0x240 Drivers/STM32F4xx_HAL_Driver/Src/stm32f4xx_hal_spi.o

.debug_aranges  0x0000000000000000      0xc18
 .debug_aranges
                0x0000000000000000       0x58 Core/Src/main.o
 .debug_aranges
                0x0000000000000058       0x50 Core/Src/stm32f4xx_hal_msp.o
 .debug_aranges
                0x00000000000000a8       0x60 Core/Src/stm32f4xx_it.o
 .debug_aranges
                0x0000000000000108       0x20 Core/Src/sysmem.o
 .debug_aranges
                0x0000000000000128       0x28 Core/Src/system_stm32f4xx.o
 .debug_aranges
                0x0000000000000150      0x1b8 Core/Src/omnicar_src/MY_NRF24.o
 .debug_aranges
                0x0000000000000308       0x48 Core/Src/omnicar_src/ihm.o
 .debug_aranges
                0x0000000000000350       0x60 Core/Src/omnicar_src/lcd_i2c.o
 .debug_aranges
                0x00000000000003b0       0x28 Core/Startup/startup_stm32f417vgtx.o
 .debug_aranges
                0x00000000000003d8       0xf0 Drivers/STM32F4xx_HAL_Driver/Src/stm32f4xx_hal.o
 .debug_aranges
                0x00000000000004c8       0xe8 Drivers/STM32F4xx_HAL_Driver/Src/stm32f4xx_hal_adc.o
 .debug_aranges
                0x00000000000005b0      0x118 Drivers/STM32F4xx_HAL_Driver/Src/stm32f4xx_hal_cortex.o
 .debug_aranges
                0x00000000000006c8       0x58 Drivers/STM32F4xx_HAL_Driver/Src/stm32f4xx_hal_gpio.o
 .debug_aranges
                0x0000000000000720      0x2a0 Drivers/STM32F4xx_HAL_Driver/Src/stm32f4xx_hal_i2c.o
 .debug_aranges
                0x00000000000009c0       0x88 Drivers/STM32F4xx_HAL_Driver/Src/stm32f4xx_hal_rcc.o
 .debug_aranges
                0x0000000000000a48      0x1d0 Drivers/STM32F4xx_HAL_Driver/Src/stm32f4xx_hal_spi.o

.debug_ranges   0x0000000000000000      0xb48
 .debug_ranges  0x0000000000000000       0x48 Core/Src/main.o
 .debug_ranges  0x0000000000000048       0x40 Core/Src/stm32f4xx_hal_msp.o
 .debug_ranges  0x0000000000000088       0x50 Core/Src/stm32f4xx_it.o
 .debug_ranges  0x00000000000000d8       0x10 Core/Src/sysmem.o
 .debug_ranges  0x00000000000000e8       0x18 Core/Src/system_stm32f4xx.o
 .debug_ranges  0x0000000000000100      0x1a8 Core/Src/omnicar_src/MY_NRF24.o
 .debug_ranges  0x00000000000002a8       0x38 Core/Src/omnicar_src/ihm.o
 .debug_ranges  0x00000000000002e0       0x50 Core/Src/omnicar_src/lcd_i2c.o
 .debug_ranges  0x0000000000000330       0x20 Core/Startup/startup_stm32f417vgtx.o
 .debug_ranges  0x0000000000000350       0xe0 Drivers/STM32F4xx_HAL_Driver/Src/stm32f4xx_hal.o
 .debug_ranges  0x0000000000000430       0xd8 Drivers/STM32F4xx_HAL_Driver/Src/stm32f4xx_hal_adc.o
 .debug_ranges  0x0000000000000508      0x108 Drivers/STM32F4xx_HAL_Driver/Src/stm32f4xx_hal_cortex.o
 .debug_ranges  0x0000000000000610       0x48 Drivers/STM32F4xx_HAL_Driver/Src/stm32f4xx_hal_gpio.o
 .debug_ranges  0x0000000000000658      0x2b8 Drivers/STM32F4xx_HAL_Driver/Src/stm32f4xx_hal_i2c.o
 .debug_ranges  0x0000000000000910       0x78 Drivers/STM32F4xx_HAL_Driver/Src/stm32f4xx_hal_rcc.o
 .debug_ranges  0x0000000000000988      0x1c0 Drivers/STM32F4xx_HAL_Driver/Src/stm32f4xx_hal_spi.o

.debug_macro    0x0000000000000000    0x22382
 .debug_macro   0x0000000000000000      0x3ee Core/Src/main.o
 .debug_macro   0x00000000000003ee      0xa5a Core/Src/main.o
 .debug_macro   0x0000000000000e48      0x29a Core/Src/main.o
 .debug_macro   0x00000000000010e2       0x2e Core/Src/main.o
 .debug_macro   0x0000000000001110       0x28 Core/Src/main.o
 .debug_macro   0x0000000000001138       0x22 Core/Src/main.o
 .debug_macro   0x000000000000115a       0x8e Core/Src/main.o
 .debug_macro   0x00000000000011e8       0x51 Core/Src/main.o
 .debug_macro   0x0000000000001239       0xef Core/Src/main.o
 .debug_macro   0x0000000000001328       0x6a Core/Src/main.o
 .debug_macro   0x0000000000001392      0x1df Core/Src/main.o
 .debug_macro   0x0000000000001571       0x1c Core/Src/main.o
 .debug_macro   0x000000000000158d       0x22 Core/Src/main.o
 .debug_macro   0x00000000000015af       0xdf Core/Src/main.o
 .debug_macro   0x000000000000168e     0x102d Core/Src/main.o
 .debug_macro   0x00000000000026bb      0x11f Core/Src/main.o
 .debug_macro   0x00000000000027da    0x1632f Core/Src/main.o
 .debug_macro   0x0000000000018b09       0x43 Core/Src/main.o
 .debug_macro   0x0000000000018b4c     0x3659 Core/Src/main.o
 .debug_macro   0x000000000001c1a5      0x174 Core/Src/main.o
 .debug_macro   0x000000000001c319       0x5a Core/Src/main.o
 .debug_macro   0x000000000001c373      0x9db Core/Src/main.o
 .debug_macro   0x000000000001cd4e      0x9fe Core/Src/main.o
 .debug_macro   0x000000000001d74c      0x117 Core/Src/main.o
 .debug_macro   0x000000000001d863      0x13e Core/Src/main.o
 .debug_macro   0x000000000001d9a1       0x27 Core/Src/main.o
 .debug_macro   0x000000000001d9c8      0x174 Core/Src/main.o
 .debug_macro   0x000000000001db3c      0x287 Core/Src/main.o
 .debug_macro   0x000000000001ddc3       0x5f Core/Src/main.o
 .debug_macro   0x000000000001de22      0x236 Core/Src/main.o
 .debug_macro   0x000000000001e058      0x391 Core/Src/main.o
 .debug_macro   0x000000000001e3e9      0x176 Core/Src/main.o
 .debug_macro   0x000000000001e55f       0xf9 Core/Src/main.o
 .debug_macro   0x000000000001e658      0x12c Core/Src/main.o
 .debug_macro   0x000000000001e784      0x21e Core/Src/main.o
 .debug_macro   0x000000000001e9a2       0x2e Core/Src/main.o
 .debug_macro   0x000000000001e9d0      0x1b5 Core/Src/main.o
 .debug_macro   0x000000000001eb85       0xd6 Core/Src/main.o
 .debug_macro   0x000000000001ec5b      0x11a Core/Src/main.o
 .debug_macro   0x000000000001ed75       0x7e Core/Src/main.o
 .debug_macro   0x000000000001edf3       0x89 Core/Src/main.o
 .debug_macro   0x000000000001ee7c      0x225 Core/Src/main.o
 .debug_macro   0x000000000001f0a1      0x12d Core/Src/main.o
 .debug_macro   0x000000000001f1ce       0xa0 Core/Src/main.o
 .debug_macro   0x000000000001f26e      0x22c Core/Src/main.o
 .debug_macro   0x000000000001f49a       0x18 Core/Src/main.o
 .debug_macro   0x000000000001f4b2       0x46 Core/Src/main.o
 .debug_macro   0x000000000001f4f8       0x3c Core/Src/main.o
 .debug_macro   0x000000000001f534       0x34 Core/Src/main.o
 .debug_macro   0x000000000001f568       0x16 Core/Src/main.o
 .debug_macro   0x000000000001f57e       0x35 Core/Src/main.o
 .debug_macro   0x000000000001f5b3       0x52 Core/Src/main.o
 .debug_macro   0x000000000001f605       0x1f Core/Src/main.o
 .debug_macro   0x000000000001f624       0x43 Core/Src/main.o
 .debug_macro   0x000000000001f667       0x20 Core/Src/main.o
 .debug_macro   0x000000000001f687      0x1a3 Core/Src/main.o
 .debug_macro   0x000000000001f82a      0x32a Core/Src/main.o
 .debug_macro   0x000000000001fb54       0x16 Core/Src/main.o
 .debug_macro   0x000000000001fb6a       0x29 Core/Src/main.o
 .debug_macro   0x000000000001fb93       0x1c Core/Src/main.o
 .debug_macro   0x000000000001fbaf       0x10 Core/Src/main.o
 .debug_macro   0x000000000001fbbf       0x10 Core/Src/main.o
 .debug_macro   0x000000000001fbcf       0x1c Core/Src/main.o
 .debug_macro   0x000000000001fbeb       0x52 Core/Src/main.o
 .debug_macro   0x000000000001fc3d       0x40 Core/Src/main.o
 .debug_macro   0x000000000001fc7d       0x10 Core/Src/main.o
 .debug_macro   0x000000000001fc8d       0x40 Core/Src/main.o
 .debug_macro   0x000000000001fccd       0xd7 Core/Src/main.o
 .debug_macro   0x000000000001fda4       0x1c Core/Src/main.o
 .debug_macro   0x000000000001fdc0       0x3d Core/Src/main.o
 .debug_macro   0x000000000001fdfd       0x16 Core/Src/main.o
 .debug_macro   0x000000000001fe13      0x145 Core/Src/main.o
 .debug_macro   0x000000000001ff58       0x22 Core/Src/main.o
 .debug_macro   0x000000000001ff7a       0x16 Core/Src/main.o
 .debug_macro   0x000000000001ff90       0x20 Core/Src/main.o
 .debug_macro   0x000000000001ffb0       0x4c Core/Src/main.o
 .debug_macro   0x000000000001fffc       0x94 Core/Src/main.o
 .debug_macro   0x0000000000020090      0x1fc Core/Src/stm32f4xx_hal_msp.o
 .debug_macro   0x000000000002028c      0x206 Core/Src/stm32f4xx_it.o
 .debug_macro   0x0000000000020492       0xee Core/Src/sysmem.o
 .debug_macro   0x0000000000020580      0x23b Core/Src/sysmem.o
 .debug_macro   0x00000000000207bb      0x1f3 Core/Src/system_stm32f4xx.o
 .debug_macro   0x00000000000209ae      0x3cf Core/Src/omnicar_src/MY_NRF24.o
 .debug_macro   0x0000000000020d7d      0x3c0 Core/Src/omnicar_src/ihm.o
 .debug_macro   0x000000000002113d      0x3a3 Core/Src/omnicar_src/lcd_i2c.o
 .debug_macro   0x00000000000214e0       0x16 Core/Src/omnicar_src/lcd_i2c.o
 .debug_macro   0x00000000000214f6      0x24d Drivers/STM32F4xx_HAL_Driver/Src/stm32f4xx_hal.o
 .debug_macro   0x0000000000021743      0x1ee Drivers/STM32F4xx_HAL_Driver/Src/stm32f4xx_hal_adc.o
 .debug_macro   0x0000000000021931      0x1ed Drivers/STM32F4xx_HAL_Driver/Src/stm32f4xx_hal_cortex.o
 .debug_macro   0x0000000000021b1e      0x223 Drivers/STM32F4xx_HAL_Driver/Src/stm32f4xx_hal_gpio.o
 .debug_macro   0x0000000000021d41      0x234 Drivers/STM32F4xx_HAL_Driver/Src/stm32f4xx_hal_i2c.o
 .debug_macro   0x0000000000021f75      0x211 Drivers/STM32F4xx_HAL_Driver/Src/stm32f4xx_hal_rcc.o
 .debug_macro   0x0000000000022186      0x1fc Drivers/STM32F4xx_HAL_Driver/Src/stm32f4xx_hal_spi.o

.debug_line     0x0000000000000000     0xa583
 .debug_line    0x0000000000000000      0xa98 Core/Src/main.o
 .debug_line    0x0000000000000a98      0x79c Core/Src/stm32f4xx_hal_msp.o
 .debug_line    0x0000000000001234      0x795 Core/Src/stm32f4xx_it.o
 .debug_line    0x00000000000019c9      0x4c7 Core/Src/sysmem.o
 .debug_line    0x0000000000001e90      0x70c Core/Src/system_stm32f4xx.o
 .debug_line    0x000000000000259c      0xe32 Core/Src/omnicar_src/MY_NRF24.o
 .debug_line    0x00000000000033ce      0xa39 Core/Src/omnicar_src/ihm.o
 .debug_line    0x0000000000003e07      0xa13 Core/Src/omnicar_src/lcd_i2c.o
 .debug_line    0x000000000000481a       0x85 Core/Startup/startup_stm32f417vgtx.o
 .debug_line    0x000000000000489f      0x8f6 Drivers/STM32F4xx_HAL_Driver/Src/stm32f4xx_hal.o
 .debug_line    0x0000000000005195      0xb5b Drivers/STM32F4xx_HAL_Driver/Src/stm32f4xx_hal_adc.o
 .debug_line    0x0000000000005cf0      0xa1a Drivers/STM32F4xx_HAL_Driver/Src/stm32f4xx_hal_cortex.o
 .debug_line    0x000000000000670a      0x8d5 Drivers/STM32F4xx_HAL_Driver/Src/stm32f4xx_hal_gpio.o
 .debug_line    0x0000000000006fdf     0x1ba4 Drivers/STM32F4xx_HAL_Driver/Src/stm32f4xx_hal_i2c.o
 .debug_line    0x0000000000008b83      0x94e Drivers/STM32F4xx_HAL_Driver/Src/stm32f4xx_hal_rcc.o
 .debug_line    0x00000000000094d1     0x10b2 Drivers/STM32F4xx_HAL_Driver/Src/stm32f4xx_hal_spi.o

.debug_str      0x0000000000000000    0xcc20e
 .debug_str     0x0000000000000000    0xc8c08 Core/Src/main.o
                                      0xc904d (size before relaxing)
 .debug_str     0x00000000000c8c08       0x9c Core/Src/stm32f4xx_hal_msp.o
                                      0xc430e (size before relaxing)
 .debug_str     0x00000000000c8ca4       0xbd Core/Src/stm32f4xx_it.o
                                      0xc398c (size before relaxing)
 .debug_str     0x00000000000c8d61      0x4e9 Core/Src/sysmem.o
                                       0x5f60 (size before relaxing)
 .debug_str     0x00000000000c924a       0xc4 Core/Src/system_stm32f4xx.o
                                      0xc383d (size before relaxing)
 .debug_str     0x00000000000c930e      0x6fc Core/Src/omnicar_src/MY_NRF24.o
                                      0xc8ac7 (size before relaxing)
 .debug_str     0x00000000000c9a0a      0x1b9 Core/Src/omnicar_src/ihm.o
                                      0xc7f41 (size before relaxing)
 .debug_str     0x00000000000c9bc3      0x131 Core/Src/omnicar_src/lcd_i2c.o
                                      0xc83bd (size before relaxing)
 .debug_str     0x00000000000c9cf4       0x36 Core/Startup/startup_stm32f417vgtx.o
                                         0x6d (size before relaxing)
 .debug_str     0x00000000000c9d2a      0xa76 Drivers/STM32F4xx_HAL_Driver/Src/stm32f4xx_hal.o
                                      0xc4319 (size before relaxing)
 .debug_str     0x00000000000ca7a0      0x29a Drivers/STM32F4xx_HAL_Driver/Src/stm32f4xx_hal_adc.o
                                      0xc3dd4 (size before relaxing)
 .debug_str     0x00000000000caa3a      0x392 Drivers/STM32F4xx_HAL_Driver/Src/stm32f4xx_hal_cortex.o
                                      0xc4108 (size before relaxing)
 .debug_str     0x00000000000cadcc      0x20c Drivers/STM32F4xx_HAL_Driver/Src/stm32f4xx_hal_gpio.o
                                      0xc3a7c (size before relaxing)
 .debug_str     0x00000000000cafd8      0xaae Drivers/STM32F4xx_HAL_Driver/Src/stm32f4xx_hal_i2c.o
                                      0xc47aa (size before relaxing)
 .debug_str     0x00000000000cba86      0x243 Drivers/STM32F4xx_HAL_Driver/Src/stm32f4xx_hal_rcc.o
                                      0xc3c2a (size before relaxing)
 .debug_str     0x00000000000cbcc9      0x545 Drivers/STM32F4xx_HAL_Driver/Src/stm32f4xx_hal_spi.o
                                      0xc40ab (size before relaxing)

.comment        0x0000000000000000       0x7b
 .comment       0x0000000000000000       0x7b Core/Src/main.o
                                         0x7c (size before relaxing)
 .comment       0x000000000000007b       0x7c Core/Src/stm32f4xx_hal_msp.o
 .comment       0x000000000000007b       0x7c Core/Src/stm32f4xx_it.o
 .comment       0x000000000000007b       0x7c Core/Src/sysmem.o
 .comment       0x000000000000007b       0x7c Core/Src/system_stm32f4xx.o
 .comment       0x000000000000007b       0x7c Core/Src/omnicar_src/MY_NRF24.o
 .comment       0x000000000000007b       0x7c Core/Src/omnicar_src/ihm.o
 .comment       0x000000000000007b       0x7c Core/Src/omnicar_src/lcd_i2c.o
 .comment       0x000000000000007b       0x7c Drivers/STM32F4xx_HAL_Driver/Src/stm32f4xx_hal.o
 .comment       0x000000000000007b       0x7c Drivers/STM32F4xx_HAL_Driver/Src/stm32f4xx_hal_adc.o
 .comment       0x000000000000007b       0x7c Drivers/STM32F4xx_HAL_Driver/Src/stm32f4xx_hal_cortex.o
 .comment       0x000000000000007b       0x7c Drivers/STM32F4xx_HAL_Driver/Src/stm32f4xx_hal_gpio.o
 .comment       0x000000000000007b       0x7c Drivers/STM32F4xx_HAL_Driver/Src/stm32f4xx_hal_i2c.o
 .comment       0x000000000000007b       0x7c Drivers/STM32F4xx_HAL_Driver/Src/stm32f4xx_hal_rcc.o
 .comment       0x000000000000007b       0x7c Drivers/STM32F4xx_HAL_Driver/Src/stm32f4xx_hal_spi.o

.debug_frame    0x0000000000000000     0x34a0
 .debug_frame   0x0000000000000000      0x118 Core/Src/main.o
 .debug_frame   0x0000000000000118      0x110 Core/Src/stm32f4xx_hal_msp.o
 .debug_frame   0x0000000000000228      0x10c Core/Src/stm32f4xx_it.o
 .debug_frame   0x0000000000000334       0x34 Core/Src/sysmem.o
 .debug_frame   0x0000000000000368       0x58 Core/Src/system_stm32f4xx.o
 .debug_frame   0x00000000000003c0      0x704 Core/Src/omnicar_src/MY_NRF24.o
 .debug_frame   0x0000000000000ac4       0xec Core/Src/omnicar_src/ihm.o
 .debug_frame   0x0000000000000bb0      0x16c Core/Src/omnicar_src/lcd_i2c.o
 .debug_frame   0x0000000000000d1c      0x374 Drivers/STM32F4xx_HAL_Driver/Src/stm32f4xx_hal.o
 .debug_frame   0x0000000000001090      0x3fc Drivers/STM32F4xx_HAL_Driver/Src/stm32f4xx_hal_adc.o
 .debug_frame   0x000000000000148c      0x498 Drivers/STM32F4xx_HAL_Driver/Src/stm32f4xx_hal_cortex.o
 .debug_frame   0x0000000000001924      0x14c Drivers/STM32F4xx_HAL_Driver/Src/stm32f4xx_hal_gpio.o
 .debug_frame   0x0000000000001a70      0xc5c Drivers/STM32F4xx_HAL_Driver/Src/stm32f4xx_hal_i2c.o
 .debug_frame   0x00000000000026cc      0x1f0 Drivers/STM32F4xx_HAL_Driver/Src/stm32f4xx_hal_rcc.o
 .debug_frame   0x00000000000028bc      0x824 Drivers/STM32F4xx_HAL_Driver/Src/stm32f4xx_hal_spi.o
 .debug_frame   0x00000000000030e0       0x20 c:/st/stm32cubeide_1.4.0/stm32cubeide/plugins/com.st.stm32cube.ide.mcu.externaltools.gnu-tools-for-stm32.7-2018-q2-update.win32_1.4.0.202007081208/tools/bin/../lib/gcc/arm-none-eabi/7.3.1/../../../../arm-none-eabi/lib/thumb/v7e-m/fpv4-sp/hard\libc_nano.a(lib_a-errno.o)
 .debug_frame   0x0000000000003100       0x2c c:/st/stm32cubeide_1.4.0/stm32cubeide/plugins/com.st.stm32cube.ide.mcu.externaltools.gnu-tools-for-stm32.7-2018-q2-update.win32_1.4.0.202007081208/tools/bin/../lib/gcc/arm-none-eabi/7.3.1/../../../../arm-none-eabi/lib/thumb/v7e-m/fpv4-sp/hard\libc_nano.a(lib_a-init.o)
 .debug_frame   0x000000000000312c       0x28 c:/st/stm32cubeide_1.4.0/stm32cubeide/plugins/com.st.stm32cube.ide.mcu.externaltools.gnu-tools-for-stm32.7-2018-q2-update.win32_1.4.0.202007081208/tools/bin/../lib/gcc/arm-none-eabi/7.3.1/../../../../arm-none-eabi/lib/thumb/v7e-m/fpv4-sp/hard\libc_nano.a(lib_a-memcpy-stub.o)
 .debug_frame   0x0000000000003154       0x20 c:/st/stm32cubeide_1.4.0/stm32cubeide/plugins/com.st.stm32cube.ide.mcu.externaltools.gnu-tools-for-stm32.7-2018-q2-update.win32_1.4.0.202007081208/tools/bin/../lib/gcc/arm-none-eabi/7.3.1/../../../../arm-none-eabi/lib/thumb/v7e-m/fpv4-sp/hard\libc_nano.a(lib_a-memset.o)
 .debug_frame   0x0000000000003174       0x3c c:/st/stm32cubeide_1.4.0/stm32cubeide/plugins/com.st.stm32cube.ide.mcu.externaltools.gnu-tools-for-stm32.7-2018-q2-update.win32_1.4.0.202007081208/tools/bin/../lib/gcc/arm-none-eabi/7.3.1/../../../../arm-none-eabi/lib/thumb/v7e-m/fpv4-sp/hard\libc_nano.a(lib_a-vsprintf.o)
 .debug_frame   0x00000000000031b0       0x90 c:/st/stm32cubeide_1.4.0/stm32cubeide/plugins/com.st.stm32cube.ide.mcu.externaltools.gnu-tools-for-stm32.7-2018-q2-update.win32_1.4.0.202007081208/tools/bin/../lib/gcc/arm-none-eabi/7.3.1/../../../../arm-none-eabi/lib/thumb/v7e-m/fpv4-sp/hard\libc_nano.a(lib_a-nano-svfprintf.o)
 .debug_frame   0x0000000000003240       0x60 c:/st/stm32cubeide_1.4.0/stm32cubeide/plugins/com.st.stm32cube.ide.mcu.externaltools.gnu-tools-for-stm32.7-2018-q2-update.win32_1.4.0.202007081208/tools/bin/../lib/gcc/arm-none-eabi/7.3.1/../../../../arm-none-eabi/lib/thumb/v7e-m/fpv4-sp/hard\libc_nano.a(lib_a-nano-vfprintf_i.o)
 .debug_frame   0x00000000000032a0       0x28 c:/st/stm32cubeide_1.4.0/stm32cubeide/plugins/com.st.stm32cube.ide.mcu.externaltools.gnu-tools-for-stm32.7-2018-q2-update.win32_1.4.0.202007081208/tools/bin/../lib/gcc/arm-none-eabi/7.3.1/../../../../arm-none-eabi/lib/thumb/v7e-m/fpv4-sp/hard\libc_nano.a(lib_a-memmove.o)
 .debug_frame   0x00000000000032c8       0x38 c:/st/stm32cubeide_1.4.0/stm32cubeide/plugins/com.st.stm32cube.ide.mcu.externaltools.gnu-tools-for-stm32.7-2018-q2-update.win32_1.4.0.202007081208/tools/bin/../lib/gcc/arm-none-eabi/7.3.1/../../../../arm-none-eabi/lib/thumb/v7e-m/fpv4-sp/hard\libc_nano.a(lib_a-nano-freer.o)
 .debug_frame   0x0000000000003300       0x2c c:/st/stm32cubeide_1.4.0/stm32cubeide/plugins/com.st.stm32cube.ide.mcu.externaltools.gnu-tools-for-stm32.7-2018-q2-update.win32_1.4.0.202007081208/tools/bin/../lib/gcc/arm-none-eabi/7.3.1/../../../../arm-none-eabi/lib/thumb/v7e-m/fpv4-sp/hard\libc_nano.a(lib_a-nano-mallocr.o)
 .debug_frame   0x000000000000332c       0x3c c:/st/stm32cubeide_1.4.0/stm32cubeide/plugins/com.st.stm32cube.ide.mcu.externaltools.gnu-tools-for-stm32.7-2018-q2-update.win32_1.4.0.202007081208/tools/bin/../lib/gcc/arm-none-eabi/7.3.1/../../../../arm-none-eabi/lib/thumb/v7e-m/fpv4-sp/hard\libc_nano.a(lib_a-nano-reallocr.o)
 .debug_frame   0x0000000000003368       0x2c c:/st/stm32cubeide_1.4.0/stm32cubeide/plugins/com.st.stm32cube.ide.mcu.externaltools.gnu-tools-for-stm32.7-2018-q2-update.win32_1.4.0.202007081208/tools/bin/../lib/gcc/arm-none-eabi/7.3.1/../../../../arm-none-eabi/lib/thumb/v7e-m/fpv4-sp/hard\libc_nano.a(lib_a-sbrkr.o)
 .debug_frame   0x0000000000003394       0x30 c:/st/stm32cubeide_1.4.0/stm32cubeide/plugins/com.st.stm32cube.ide.mcu.externaltools.gnu-tools-for-stm32.7-2018-q2-update.win32_1.4.0.202007081208/tools/bin/../lib/gcc/arm-none-eabi/7.3.1/../../../../arm-none-eabi/lib/thumb/v7e-m/fpv4-sp/hard\libc_nano.a(lib_a-mlock.o)
 .debug_frame   0x00000000000033c4       0x20 c:/st/stm32cubeide_1.4.0/stm32cubeide/plugins/com.st.stm32cube.ide.mcu.externaltools.gnu-tools-for-stm32.7-2018-q2-update.win32_1.4.0.202007081208/tools/bin/../lib/gcc/arm-none-eabi/7.3.1/../../../../arm-none-eabi/lib/thumb/v7e-m/fpv4-sp/hard\libc_nano.a(lib_a-nano-msizer.o)
 .debug_frame   0x00000000000033e4       0x5c c:/st/stm32cubeide_1.4.0/stm32cubeide/plugins/com.st.stm32cube.ide.mcu.externaltools.gnu-tools-for-stm32.7-2018-q2-update.win32_1.4.0.202007081208/tools/bin/../lib/gcc/arm-none-eabi/7.3.1/../../../../arm-none-eabi/lib/thumb/v7e-m/fpv4-sp/hard\libc_nano.a(lib_a-reent.o)
 .debug_frame   0x0000000000003440       0x2c c:/st/stm32cubeide_1.4.0/stm32cubeide/plugins/com.st.stm32cube.ide.mcu.externaltools.gnu-tools-for-stm32.7-2018-q2-update.win32_1.4.0.202007081208/tools/bin/../lib/gcc/arm-none-eabi/7.3.1/thumb/v7e-m/fpv4-sp/hard\libgcc.a(_aeabi_uldivmod.o)
 .debug_frame   0x000000000000346c       0x34 c:/st/stm32cubeide_1.4.0/stm32cubeide/plugins/com.st.stm32cube.ide.mcu.externaltools.gnu-tools-for-stm32.7-2018-q2-update.win32_1.4.0.202007081208/tools/bin/../lib/gcc/arm-none-eabi/7.3.1/thumb/v7e-m/fpv4-sp/hard\libgcc.a(_udivmoddi4.o)
