MY_NRF24.c:42:6:NRF24_DelayMicroSeconds	24	static
MY_NRF24.c:50:6:NRF24_csn	16	static
MY_NRF24.c:57:6:NRF24_ce	16	static
MY_NRF24.c:64:9:NRF24_read_register	24	static
MY_NRF24.c:82:6:NRF24_read_registerN	24	static
MY_NRF24.c:98:6:NRF24_write_register	24	static
MY_NRF24.c:112:6:NRF24_write_registerN	24	static
MY_NRF24.c:126:6:NRF24_write_payload	24	static
MY_NRF24.c:140:6:NRF24_read_payload	24	static
MY_NRF24.c:154:6:NRF24_flush_tx	8	static
MY_NRF24.c:160:6:NRF24_flush_rx	8	static
MY_NRF24.c:166:9:NRF24_get_status	16	static
MY_NRF24.c:174:6:NRF24_begin	24	static
MY_NRF24.c:264:6:NRF24_startListening	16	static
MY_NRF24.c:282:6:NRF24_stopListening	8	static
MY_NRF24.c:289:6:NRF24_write	32	static
MY_NRF24.c:324:6:NRF24_available	8	static
MY_NRF24.c:329:6:NRF24_read	24	static
MY_NRF24.c:338:6:NRF24_openWritingPipe	24	static
MY_NRF24.c:347:6:NRF24_openReadingPipe	32	static
MY_NRF24.c:372:6:NRF24_setRetries	16	static
MY_NRF24.c:378:6:NRF24_setChannel	24	static
MY_NRF24.c:384:6:NRF24_setPayloadSize	24	static
MY_NRF24.c:390:9:NRF24_getPayloadSize	4	static
MY_NRF24.c:395:9:NRF24_getDynamicPayloadSize	8	static
MY_NRF24.c:400:6:NRF24_enableAckPayload	8	static
MY_NRF24.c:414:6:NRF24_enableDynamicPayloads	8	static
MY_NRF24.c:428:6:NRF24_disableDynamicPayloads	8	static
MY_NRF24.c:436:6:NRF24_isNRF_Plus	4	static
MY_NRF24.c:441:6:NRF24_setAutoAck	16	static
MY_NRF24.c:449:6:NRF24_setAutoAckPipe	24	static
MY_NRF24.c:466:6:NRF24_setPALevel	24	static
MY_NRF24.c:498:15:NRF24_getPALevel	16	static
MY_NRF24.c:525:6:NRF24_setDataRate	24	static
MY_NRF24.c:571:17:NRF24_getDataRate	16	static
MY_NRF24.c:596:6:NRF24_setCRCLength	24	static
MY_NRF24.c:618:18:NRF24_getCRCLength	16	static
MY_NRF24.c:634:6:NRF24_disableCRC	16	static
MY_NRF24.c:640:6:NRF24_powerUp	8	static
MY_NRF24.c:645:6:NRF24_powerDown	8	static
MY_NRF24.c:650:6:NRF24_availablePipe	24	static
MY_NRF24.c:674:6:NRF24_startWrite	16	static
MY_NRF24.c:692:6:NRF24_writeAckPayload	24	static
MY_NRF24.c:703:6:NRF24_isAckPayloadAvailable	16	static
MY_NRF24.c:710:6:NRF24_whatHappened	32	static
MY_NRF24.c:721:6:NRF24_testCarrier	8	static
MY_NRF24.c:726:6:NRF24_testRPD	8	static
MY_NRF24.c:732:6:NRF24_resetStatus	8	static
MY_NRF24.c:738:6:NRF24_ACTIVATE_cmd	16	static
MY_NRF24.c:749:9:NRF24_GetAckPayloadSize	4	static
MY_NRF24.c:756:6:NRF24_transmitInit	24	static
MY_NRF24.c:767:6:NRF24_dataTransmission	24	static
